Archive member included because of file (symbol)

../../../../../..//binary/armv7a/gcc/am335x/drivers/Debug/libdrivers.a(cpsw.o)
                              Debug/lwiplib.o (CPSWSSReset)
../../../../../..//binary/armv7a/gcc/am335x/drivers/Debug/libdrivers.a(mdio.o)
                              Debug/lwiplib.o (MDIOPhyAliveStatusGet)
../../../../../..//binary/armv7a/gcc/am335x/drivers/Debug/libdrivers.a(phy.o)
                              Debug/lwiplib.o (PhyReset)
../../../../../..//binary/armv7a/gcc/am335x/drivers/Debug/libdrivers.a(watchdog.o)
                              Debug/enetEcho.o (WatchdogTimerDisable)
../../../../../..//binary/armv7a/gcc/utils/Debug/libutils.a(consoleUtils.o)
                              Debug/enetEcho.o (ConsoleUtilsInit)
../../../../../..//binary/armv7a/gcc/utils/Debug/libutils.a(delay.o)
                              Debug/enetEcho.o (DelayTimerSetup)
../../../../../..//binary/armv7a/gcc/utils/Debug/libutils.a(uartStdio.o)
                              ../../../../../..//binary/armv7a/gcc/utils/Debug/libutils.a(consoleUtils.o) (UARTStdioInit)
../../../../../..//binary/armv7a/gcc/utils/Debug/libutils.a(ascii.o)
                              ../../../../../..//binary/armv7a/gcc/utils/Debug/libutils.a(uartStdio.o) (ASCIIToDigit)
../../../../../..//binary/armv7a/gcc/am335x/beaglebone/platform/Debug/libplatform.a(cpsw.o)
                              Debug/enetEcho.o (CPSWPinMuxSetup)
../../../../../..//binary/armv7a/gcc/am335x/beaglebone/platform/Debug/libplatform.a(sysdelay.o)
                              ../../../../../..//binary/armv7a/gcc/utils/Debug/libutils.a(delay.o) (SysDelayTimerSetup)
../../../../../..//binary/armv7a/gcc/am335x/beaglebone/platform/Debug/libplatform.a(uartConsole.o)
                              ../../../../../..//binary/armv7a/gcc/utils/Debug/libutils.a(uartStdio.o) (UARTConsoleInit)
../../../../../..//binary/armv7a/gcc/am335x/beaglebone/platform/Debug/libplatform.a(dmtimer.o)
                              ../../../../../..//binary/armv7a/gcc/am335x/beaglebone/platform/Debug/libplatform.a(sysdelay.o) (DMTimer7ModuleClkConfig)
../../../../../..//binary/armv7a/gcc/am335x/beaglebone/platform/Debug/libplatform.a(uart.o)
                              ../../../../../..//binary/armv7a/gcc/am335x/beaglebone/platform/Debug/libplatform.a(uartConsole.o) (UARTPinMuxSetup)
../../../../../..//binary/armv7a/gcc/am335x/system_config/Debug/libsystem_config.a(cache.o)
                              Debug/enetEcho.o (CacheEnable)
../../../../../..//binary/armv7a/gcc/am335x/system_config/Debug/libsystem_config.a(cp15.o)
                              ../../../../../..//binary/armv7a/gcc/am335x/system_config/Debug/libsystem_config.a(cache.o) (CP15ICacheDisable)
../../../../../..//binary/armv7a/gcc/am335x/system_config/Debug/libsystem_config.a(init.o)
                              (Entry)
../../../../../..//binary/armv7a/gcc/am335x/system_config/Debug/libsystem_config.a(interrupt.o)
                              Debug/enetEcho.o (IntRegister)
../../../../../..//binary/armv7a/gcc/am335x/system_config/Debug/libsystem_config.a(mmu.o)
                              Debug/enetEcho.o (MMUInit)
../../../../../..//binary/armv7a/gcc/am335x/system_config/Debug/libsystem_config.a(startup.o)
                              ../../../../../..//binary/armv7a/gcc/am335x/system_config/Debug/libsystem_config.a(init.o) (start_boot)
../../../../../..//binary/armv7a/gcc/am335x/system_config/Debug/libsystem_config.a(cpu.o)
                              ../../../../../..//binary/armv7a/gcc/am335x/system_config/Debug/libsystem_config.a(interrupt.o) (CPUIntStatus)
../../../../../..//binary/armv7a/gcc/am335x/system_config/Debug/libsystem_config.a(exceptionhandler.o)
                              ../../../../../..//binary/armv7a/gcc/am335x/system_config/Debug/libsystem_config.a(startup.o) (IRQHandler)
/home/user/cmpt433/linaro-gcc/gcc-arm-none-eabi-4_7-2012q4/arm-none-eabi/lib//libc.a(lib_a-memcpy.o)
                              Debug/lwiplib.o (memcpy)
/home/user/cmpt433/linaro-gcc/gcc-arm-none-eabi-4_7-2012q4/arm-none-eabi/lib//libc.a(lib_a-memset.o)
                              Debug/echod.o (memset)
/home/user/cmpt433/linaro-gcc/gcc-arm-none-eabi-4_7-2012q4/arm-none-eabi/lib//libc.a(lib_a-strcat.o)
                              Debug/echod.o (strcat)
/home/user/cmpt433/linaro-gcc/gcc-arm-none-eabi-4_7-2012q4/arm-none-eabi/lib//libc.a(lib_a-strcpy.o)
                              /home/user/cmpt433/linaro-gcc/gcc-arm-none-eabi-4_7-2012q4/arm-none-eabi/lib//libc.a(lib_a-strcat.o) (strcpy)
/home/user/cmpt433/linaro-gcc/gcc-arm-none-eabi-4_7-2012q4/arm-none-eabi/lib//libc.a(lib_a-strlen.o)
                              Debug/echod.o (strlen)
/home/user/cmpt433/linaro-gcc/gcc-arm-none-eabi-4_7-2012q4/lib/gcc/arm-none-eabi/4.7.3//libgcc.a(_udivsi3.o)
                              (__aeabi_uidiv)
[...]
Memory Configuration

Name             Origin             Length             Attributes
DDR0             0x80000000         0x10000000
*default*        0x00000000         0xffffffff

Linker script and memory map

LOAD Debug/echod.o
LOAD Debug/enetEcho.o
LOAD Debug/lwiplib.o
LOAD ../../../../../..//binary/armv7a/gcc/am335x/drivers/Debug/libdrivers.a
LOAD ../../../../../..//binary/armv7a/gcc/utils/Debug/libutils.a
LOAD ../../../../../..//binary/armv7a/gcc/am335x/beaglebone/platform/Debug/libplatform.a
LOAD ../../../../../..//binary/armv7a/gcc/am335x/system_config/Debug/libsystem_config.a
LOAD /home/user/cmpt433/linaro-gcc/gcc-arm-none-eabi-4_7-2012q4/arm-none-eabi/lib//libc.a
LOAD /home/user/cmpt433/linaro-gcc/gcc-arm-none-eabi-4_7-2012q4/lib/gcc/arm-none-eabi/4.7.3//libgcc.a
LOAD ../../../../../..//binary/armv7a/gcc/am335x/drivers/Debug/libdrivers.a
LOAD ../../../../../..//binary/armv7a/gcc/utils/Debug/libutils.a
LOAD ../../../../../..//binary/armv7a/gcc/am335x/beaglebone/platform/Debug/libplatform.a
LOAD ../../../../../..//binary/armv7a/gcc/am335x/system_config/Debug/libsystem_config.a
LOAD /home/user/cmpt433/linaro-gcc/gcc-arm-none-eabi-4_7-2012q4/arm-none-eabi/lib//libc.a
LOAD /home/user/cmpt433/linaro-gcc/gcc-arm-none-eabi-4_7-2012q4/lib/gcc/arm-none-eabi/4.7.3//libgcc.a

.startcode      0x80000000       0xbc
                0x80000000                . = ALIGN (0x4)
 *init.o(.text)
 .text          0x80000000       0xbc ../../../../../..//binary/armv7a/gcc/am335x/system_config/Debug/libsystem_config.a(init.o)
                0x80000000                Entry

.text           0x800000bc    0x16cf0
                0x800000bc                . = ALIGN (0x4)
 *(.text*)
 .text.echo_close_conn
                0x800000bc       0x64 Debug/echod.o
                0x800000bc                echo_close_conn
 .text.echo_send_data
                0x80000120      0x1d0 Debug/echod.o
                0x80000120                echo_send_data
 .text.echo_recv
                0x800002f0       0xc0 Debug/echod.o
                0x800002f0                echo_recv
 .text.echo_accept
                0x800003b0       0x9c Debug/echod.o
                0x800003b0                echo_accept
 .text.echo_init
                0x8000044c       0xd0 Debug/echod.o
                0x8000044c                echo_init
 .text.MMUConfigAndEnable
                0x8000051c       0xd8 Debug/enetEcho.o
 .text.main     0x800005f4      0x194 Debug/enetEcho.o
                0x800005f4                main
 .text.CPSWCore0RxIsr
                0x80000788       0x1c Debug/enetEcho.o
 .text.CPSWCore0TxIsr
                0x800007a4       0x1c Debug/enetEcho.o
 .text.IpAddrDisplay
                0x800007c0       0x58 Debug/enetEcho.o
 .text.AintcCPSWIntrSetUp
                0x80000818       0xa4 Debug/enetEcho.o
 .text.lwip_htons
                0x800008bc       0x4c Debug/lwiplib.o
                0x800008bc                lwip_htons
 .text.lwip_ntohs
                0x80000908       0x38 Debug/lwiplib.o
                0x80000908                lwip_ntohs
 .text.lwip_htonl
                0x80000940       0x54 Debug/lwiplib.o
                0x80000940                lwip_htonl
 .text.lwip_ntohl
                0x80000994       0x30 Debug/lwiplib.o
                0x80000994                lwip_ntohl
 .text.tcp_timer_needed
                0x800009c4       0x14 Debug/lwiplib.o
                0x800009c4                tcp_timer_needed
 .text.dhcp_handle_nak
                0x800009d8       0xa0 Debug/lwiplib.o
 .text.dhcp_handle_offer
                0x80000a78       0x84 Debug/lwiplib.o
 .text.dhcp_select
                0x80000afc      0x298 Debug/lwiplib.o
 .text.dhcp_handle_ack
                0x80000d94      0x188 Debug/lwiplib.o
 .text.dhcp_start
                0x80000f1c      0x230 Debug/lwiplib.o
                0x80000f1c                dhcp_start
 .text.dhcp_discover
                0x8000114c      0x21c Debug/lwiplib.o
 .text.dhcp_bind
                0x80001368      0x238 Debug/lwiplib.o
 .text.dhcp_stop
                0x800015a0       0x9c Debug/lwiplib.o
                0x800015a0                dhcp_stop
 .text.dhcp_set_state
                0x8000163c       0x5c Debug/lwiplib.o
 .text.dhcp_option
                0x80001698       0x9c Debug/lwiplib.o
 .text.dhcp_option_byte
                0x80001734       0x5c Debug/lwiplib.o
 .text.dhcp_option_short
                0x80001790       0xa4 Debug/lwiplib.o
 .text.dhcp_option_long
                0x80001834      0x124 Debug/lwiplib.o
 .text.dhcp_parse_reply
                0x80001958      0x608 Debug/lwiplib.o
 .text.dhcp_recv
                0x80001f60      0x2a0 Debug/lwiplib.o
 .text.dhcp_create_msg
                0x80002200      0x43c Debug/lwiplib.o
 .text.dhcp_delete_msg
                0x8000263c       0x64 Debug/lwiplib.o
 .text.dhcp_option_trailer
                0x800026a0       0xc0 Debug/lwiplib.o
 .text.lwip_init
                0x80002760       0x3c Debug/lwiplib.o
                0x80002760                lwip_init
 .text.plug_holes
                0x8000279c      0x17c Debug/lwiplib.o
 .text.mem_init
                0x80002918       0xec Debug/lwiplib.o
                0x80002918                mem_init
 .text.mem_free
                0x80002a04      0x14c Debug/lwiplib.o
                0x80002a04                mem_free
 .text.mem_trim
                0x80002b50      0x378 Debug/lwiplib.o
                0x80002b50                mem_trim
 .text.mem_malloc
                0x80002ec8      0x37c Debug/lwiplib.o
                0x80002ec8                mem_malloc
 .text.memp_init
                0x80003244      0x1b4 Debug/lwiplib.o
                0x80003244                memp_init
 .text.memp_malloc
                0x800033f8      0x1c4 Debug/lwiplib.o
                0x800033f8                memp_malloc
 .text.memp_free
                0x800035bc       0xd8 Debug/lwiplib.o
                0x800035bc                memp_free
 .text.netif_init
                0x80003694       0x14 Debug/lwiplib.o
                0x80003694                netif_init
 .text.netif_add
                0x800036a8      0x10c Debug/lwiplib.o
                0x800036a8                netif_add
 .text.netif_set_addr
                0x800037b4       0x60 Debug/lwiplib.o
                0x800037b4                netif_set_addr
 .text.netif_set_ipaddr
                0x80003814      0x148 Debug/lwiplib.o
                0x80003814                netif_set_ipaddr
 .text.netif_set_gw
                0x8000395c       0x44 Debug/lwiplib.o
                0x8000395c                netif_set_gw
 .text.netif_set_netmask
                0x800039a0       0x44 Debug/lwiplib.o
                0x800039a0                netif_set_netmask
 .text.netif_set_default
                0x800039e4       0x2c Debug/lwiplib.o
                0x800039e4                netif_set_default
 .text.netif_set_up
                0x80003a10       0x88 Debug/lwiplib.o
                0x80003a10                netif_set_up
 .text.netif_set_down
                0x80003a98       0x48 Debug/lwiplib.o
                0x80003a98                netif_set_down
 .text.pbuf_alloc
                0x80003ae0      0x38c Debug/lwiplib.o
                0x80003ae0                pbuf_alloc
 .text.pbuf_realloc
                0x80003e6c      0x194 Debug/lwiplib.o
                0x80003e6c                pbuf_realloc
 .text.pbuf_header
                0x80004000      0x1a0 Debug/lwiplib.o
                0x80004000                pbuf_header
 .text.pbuf_free
                0x800041a0      0x16c Debug/lwiplib.o
                0x800041a0                pbuf_free
 .text.pbuf_clen
                0x8000430c       0x54 Debug/lwiplib.o
                0x8000430c                pbuf_clen
 .text.pbuf_ref
                0x80004360       0x64 Debug/lwiplib.o
                0x80004360                pbuf_ref
 .text.pbuf_cat
                0x800043c4       0xac Debug/lwiplib.o
                0x800043c4                pbuf_cat
 .text.pbuf_chain
                0x80004470       0x40 Debug/lwiplib.o
                0x80004470                pbuf_chain
 .text.pbuf_copy
                0x800044b0      0x1fc Debug/lwiplib.o
                0x800044b0                pbuf_copy
 .text.pbuf_copy_partial
                0x800046ac      0x188 Debug/lwiplib.o
                0x800046ac                pbuf_copy_partial
 .text.raw_input
                0x80004834      0x170 Debug/lwiplib.o
                0x80004834                raw_input
 .text.stats_init
                0x800049a4       0x14 Debug/lwiplib.o
                0x800049a4                stats_init
 .text.tcp_close_shutdown
                0x800049b8      0x468 Debug/lwiplib.o
 .text.tcp_close
                0x80004e20       0x5c Debug/lwiplib.o
                0x80004e20                tcp_close
 .text.tcp_abandon
                0x80004e7c      0x1b4 Debug/lwiplib.o
                0x80004e7c                tcp_abandon
 .text.tcp_abort
                0x80005030       0x2c Debug/lwiplib.o
                0x80005030                tcp_abort
 .text.tcp_bind
                0x8000505c      0x1a0 Debug/lwiplib.o
                0x8000505c                tcp_bind
 .text.tcp_accept_null
                0x800051fc       0x34 Debug/lwiplib.o
 .text.tcp_listen_with_backlog
                0x80005230      0x240 Debug/lwiplib.o
                0x80005230                tcp_listen_with_backlog
 .text.tcp_update_rcv_ann_wnd
                0x80005470       0xf4 Debug/lwiplib.o
                0x80005470                tcp_update_rcv_ann_wnd
 .text.tcp_recved
                0x80005564       0xac Debug/lwiplib.o
                0x80005564                tcp_recved
 .text.tcp_new_port
                0x80005610       0xf0 Debug/lwiplib.o
 .text.tcp_segs_free
                0x80005700       0x4c Debug/lwiplib.o
                0x80005700                tcp_segs_free
 .text.tcp_seg_free
                0x8000574c       0x60 Debug/lwiplib.o
                0x8000574c                tcp_seg_free
 .text.tcp_setprio
                0x800057ac       0x30 Debug/lwiplib.o
                0x800057ac                tcp_setprio
 .text.tcp_seg_copy
                0x800057dc       0x78 Debug/lwiplib.o
                0x800057dc                tcp_seg_copy
 .text.tcp_recv_null
                0x80005854       0x90 Debug/lwiplib.o
                0x80005854                tcp_recv_null
 .text.tcp_kill_prio
                0x800058e4       0xf8 Debug/lwiplib.o
 .text.tcp_kill_timewait
                0x800059dc       0xb4 Debug/lwiplib.o
 .text.tcp_alloc
                0x80005a90      0x23c Debug/lwiplib.o
                0x80005a90                tcp_alloc
 .text.tcp_new  0x80005ccc       0x24 Debug/lwiplib.o
                0x80005ccc                tcp_new
 .text.tcp_arg  0x80005cf0       0x2c Debug/lwiplib.o
                0x80005cf0                tcp_arg
 .text.tcp_recv
                0x80005d1c       0x2c Debug/lwiplib.o
                0x80005d1c                tcp_recv
 .text.tcp_sent
                0x80005d48       0x2c Debug/lwiplib.o
                0x80005d48                tcp_sent
 .text.tcp_err  0x80005d74       0x2c Debug/lwiplib.o
                0x80005d74                tcp_err
 .text.tcp_accept
                0x80005da0       0x2c Debug/lwiplib.o
                0x80005da0                tcp_accept
 .text.tcp_poll
                0x80005dcc       0x40 Debug/lwiplib.o
                0x80005dcc                tcp_poll
 .text.tcp_pcb_purge
                0x80005e0c      0x104 Debug/lwiplib.o
                0x80005e0c                tcp_pcb_purge
 .text.tcp_pcb_remove
                0x80005f10      0x158 Debug/lwiplib.o
                0x80005f10                tcp_pcb_remove
 .text.tcp_next_iss
                0x80006068       0x4c Debug/lwiplib.o
                0x80006068                tcp_next_iss
 .text.tcp_eff_send_mss
                0x800060b4       0x7c Debug/lwiplib.o
                0x800060b4                tcp_eff_send_mss
 .text.tcp_input
                0x80006130      0xe40 Debug/lwiplib.o
                0x80006130                tcp_input
 .text.tcp_listen_input
                0x80006f70      0x300 Debug/lwiplib.o
 .text.tcp_timewait_input
                0x80007270      0x1a0 Debug/lwiplib.o
 .text.tcp_process
                0x80007410      0xd20 Debug/lwiplib.o
 .text.tcp_oos_insert_segment
                0x80008130      0x1e0 Debug/lwiplib.o
 .text.tcp_receive
                0x80008310     0x1bfc Debug/lwiplib.o
 .text.tcp_parseopt
                0x80009f0c      0x208 Debug/lwiplib.o
 .text.tcp_output_alloc_header
                0x8000a114      0x1a8 Debug/lwiplib.o
 .text.tcp_send_fin
                0x8000a2bc       0xe4 Debug/lwiplib.o
                0x8000a2bc                tcp_send_fin
 .text.tcp_create_segment
                0x8000a3a0      0x22c Debug/lwiplib.o
 .text.tcp_pbuf_prealloc
                0x8000a5cc      0x12c Debug/lwiplib.o
 .text.tcp_write_checks
                0x8000a6f8      0x158 Debug/lwiplib.o
 .text.tcp_write
                0x8000a850      0x864 Debug/lwiplib.o
                0x8000a850                tcp_write
 .text.tcp_enqueue_flags
                0x8000b0b4      0x34c Debug/lwiplib.o
                0x8000b0b4                tcp_enqueue_flags
 .text.tcp_send_empty_ack
                0x8000b400      0x130 Debug/lwiplib.o
                0x8000b400                tcp_send_empty_ack
 .text.tcp_output
                0x8000b530      0x598 Debug/lwiplib.o
                0x8000b530                tcp_output
 .text.tcp_output_segment
                0x8000bac8      0x2d0 Debug/lwiplib.o
 .text.tcp_rst  0x8000bd98      0x1dc Debug/lwiplib.o
                0x8000bd98                tcp_rst
 .text.tcp_rexmit
                0x8000bf74      0x108 Debug/lwiplib.o
                0x8000bf74                tcp_rexmit
 .text.tcp_rexmit_fast
                0x8000c07c      0x118 Debug/lwiplib.o
                0x8000c07c                tcp_rexmit_fast
 .text.udp_input
                0x8000c194      0x6ac Debug/lwiplib.o
                0x8000c194                udp_input
 .text.udp_sendto_if
                0x8000c840      0x300 Debug/lwiplib.o
                0x8000c840                udp_sendto_if
 .text.udp_bind
                0x8000cb40      0x1e8 Debug/lwiplib.o
                0x8000cb40                udp_bind
 .text.udp_connect
                0x8000cd28      0x130 Debug/lwiplib.o
                0x8000cd28                udp_connect
 .text.udp_recv
                0x8000ce58       0x3c Debug/lwiplib.o
                0x8000ce58                udp_recv
 .text.udp_remove
                0x8000ce94       0xc4 Debug/lwiplib.o
                0x8000ce94                udp_remove
 .text.udp_new  0x8000cf58       0x60 Debug/lwiplib.o
                0x8000cf58                udp_new
 .text.icmp_input
                0x8000cfb8      0x54c Debug/lwiplib.o
                0x8000cfb8                icmp_input
 .text.icmp_dest_unreach
                0x8000d504       0x3c Debug/lwiplib.o
                0x8000d504                icmp_dest_unreach
 .text.icmp_send_response
                0x8000d540      0x180 Debug/lwiplib.o
 .text.lwip_standard_chksum
                0x8000d6c0      0x16c Debug/lwiplib.o
 .text.inet_chksum_pseudo
                0x8000d82c      0x228 Debug/lwiplib.o
                0x8000d82c                inet_chksum_pseudo
 .text.inet_chksum
                0x8000da54       0x48 Debug/lwiplib.o
                0x8000da54                inet_chksum
 .text.inet_chksum_pbuf
                0x8000da9c      0x128 Debug/lwiplib.o
                0x8000da9c                inet_chksum_pbuf
 .text.ip_route
                0x8000dbc4       0xf4 Debug/lwiplib.o
                0x8000dbc4                ip_route
 .text.ip_input
                0x8000dcb8      0x690 Debug/lwiplib.o
                0x8000dcb8                ip_input
 .text.ip_output_if
                0x8000e348      0x354 Debug/lwiplib.o
                0x8000e348                ip_output_if
 .text.ip_output
                0x8000e69c       0xac Debug/lwiplib.o
                0x8000e69c                ip_output
 .text.ip4_addr_isbroadcast
                0x8000e748       0xdc Debug/lwiplib.o
                0x8000e748                ip4_addr_isbroadcast
 .text.free_entry
                0x8000e824       0x88 Debug/lwiplib.o
 .text.find_entry
                0x8000e8ac      0x370 Debug/lwiplib.o
 .text.etharp_send_ip
                0x8000ec1c       0xa0 Debug/lwiplib.o
 .text.update_arp_entry
                0x8000ecbc      0x1ac Debug/lwiplib.o
 .text.etharp_arp_input
                0x8000ee68      0x3b4 Debug/lwiplib.o
 .text.etharp_output
                0x8000f21c      0x2b0 Debug/lwiplib.o
                0x8000f21c                etharp_output
 .text.etharp_query
                0x8000f4cc      0x3e4 Debug/lwiplib.o
                0x8000f4cc                etharp_query
 .text.etharp_raw
                0x8000f8b0      0x238 Debug/lwiplib.o
 .text.etharp_request
                0x8000fae8       0x7c Debug/lwiplib.o
                0x8000fae8                etharp_request
 .text.ethernet_input
                0x8000fb64      0x1cc Debug/lwiplib.o
                0x8000fb64                ethernet_input
 .text.sys_arch_protect
                0x8000fd30       0x3c Debug/lwiplib.o
                0x8000fd30                sys_arch_protect
 .text.sys_arch_unprotect
                0x8000fd6c       0x38 Debug/lwiplib.o
                0x8000fd6c                sys_arch_unprotect
 .text.cpswif_inst_config
                0x8000fda4      0x118 Debug/lwiplib.o
 .text.cpswif_ale_entry_match_free
                0x8000febc       0x98 Debug/lwiplib.o
 .text.cpswif_port_to_host_vlan_cfg
                0x8000ff54      0x1c4 Debug/lwiplib.o
 .text.cpswif_autoneg_config
                0x80010118      0x3c8 Debug/lwiplib.o
 .text.cpswif_rxbd_alloc
                0x800104e0      0x1dc Debug/lwiplib.o
 .text.cpswif_transmit
                0x800106bc      0x280 Debug/lwiplib.o
 .text.cpswif_output
                0x8001093c       0xec Debug/lwiplib.o
 .text.cpswif_phylink_config
                0x80010a28      0x228 Debug/lwiplib.o
 .text.cpswif_port_init
                0x80010c50      0x188 Debug/lwiplib.o
 .text.cpswif_cpdma_init
                0x80010dd8      0x1d0 Debug/lwiplib.o
 .text.cpswif_inst_init
                0x80010fa8      0x2a8 Debug/lwiplib.o
 .text.cpswif_init
                0x80011250      0x124 Debug/lwiplib.o
                0x80011250                cpswif_init
 .text.cpswif_rx_inthandler
                0x80011374      0x228 Debug/lwiplib.o
                0x80011374                cpswif_rx_inthandler
 .text.cpswif_tx_inthandler
                0x8001159c      0x22c Debug/lwiplib.o
                0x8001159c                cpswif_tx_inthandler
 .text.lwIPDHCPComplete
                0x800117c8      0x134 Debug/lwiplib.o
 .text.lwIPInit
                0x800118fc      0x2fc Debug/lwiplib.o
                0x800118fc                lwIPInit
 .text.lwIPRxIntHandler
                0x80011bf8       0x30 Debug/lwiplib.o
                0x80011bf8                lwIPRxIntHandler
 .text.lwIPTxIntHandler
                0x80011c28       0x28 Debug/lwiplib.o
                0x80011c28                lwIPTxIntHandler
 .text.CPSWSSReset
                0x80011c50       0x48 ../../../../../..//binary/armv7a/gcc/am335x/drivers/Debug/libdrivers.a(cpsw.o)
                0x80011c50                CPSWSSReset
 .text.CPSWSlTransferModeSet
                0x80011c98       0x5c ../../../../../..//binary/armv7a/gcc/am335x/drivers/Debug/libdrivers.a(cpsw.o)
                0x80011c98                CPSWSlTransferModeSet
 .text.CPSWSlReset
                0x80011cf4       0x48 ../../../../../..//binary/armv7a/gcc/am335x/drivers/Debug/libdrivers.a(cpsw.o)
                0x80011cf4                CPSWSlReset
 .text.CPSWSlRGMIIEnable
                0x80011d3c       0x40 ../../../../../..//binary/armv7a/gcc/am335x/drivers/Debug/libdrivers.a(cpsw.o)
                0x80011d3c                CPSWSlRGMIIEnable
 .text.CPSWWrReset
                0x80011d7c       0x48 ../../../../../..//binary/armv7a/gcc/am335x/drivers/Debug/libdrivers.a(cpsw.o)
                0x80011d7c                CPSWWrReset
 .text.CPSWWrCoreIntEnable
                0x80011dc4       0x78 ../../../../../..//binary/armv7a/gcc/am335x/drivers/Debug/libdrivers.a(cpsw.o)
                0x80011dc4                CPSWWrCoreIntEnable
 .text.CPSWALEInit
                0x80011e3c       0x2c ../../../../../..//binary/armv7a/gcc/am335x/drivers/Debug/libdrivers.a(cpsw.o)
                0x80011e3c                CPSWALEInit
 .text.CPSWALEPortStateSet
                0x80011e68       0x90 ../../../../../..//binary/armv7a/gcc/am335x/drivers/Debug/libdrivers.a(cpsw.o)
                0x80011e68                CPSWALEPortStateSet
 .text.CPSWALEVLANAwareSet
                0x80011ef8       0x38 ../../../../../..//binary/armv7a/gcc/am335x/drivers/Debug/libdrivers.a(cpsw.o)
                0x80011ef8                CPSWALEVLANAwareSet
 .text.CPSWALETableEntrySet
                0x80011f30       0x98 ../../../../../..//binary/armv7a/gcc/am335x/drivers/Debug/libdrivers.a(cpsw.o)
                0x80011f30                CPSWALETableEntrySet
 .text.CPSWALETableEntryGet
                0x80011fc8       0x94 ../../../../../..//binary/armv7a/gcc/am335x/drivers/Debug/libdrivers.a(cpsw.o)
                0x80011fc8                CPSWALETableEntryGet
 .text.CPSWStatisticsEnable
                0x8001205c       0x2c ../../../../../..//binary/armv7a/gcc/am335x/drivers/Debug/libdrivers.a(cpsw.o)
                0x8001205c                CPSWStatisticsEnable
 .text.CPSWPortSrcAddrSet
                0x80012088       0xa4 ../../../../../..//binary/armv7a/gcc/am335x/drivers/Debug/libdrivers.a(cpsw.o)
                0x80012088                CPSWPortSrcAddrSet
 .text.CPSWHostPortDualMacModeSet
                0x8001212c       0x54 ../../../../../..//binary/armv7a/gcc/am335x/drivers/Debug/libdrivers.a(cpsw.o)
                0x8001212c                CPSWHostPortDualMacModeSet
 .text.CPSWPortVLANConfig
                0x80012180       0x50 ../../../../../..//binary/armv7a/gcc/am335x/drivers/Debug/libdrivers.a(cpsw.o)
                0x80012180                CPSWPortVLANConfig
 .text.CPSWCPDMAReset
                0x800121d0       0xdc ../../../../../..//binary/armv7a/gcc/am335x/drivers/Debug/libdrivers.a(cpsw.o)
                0x800121d0                CPSWCPDMAReset
 .text.CPSWCPDMATxIntEnable
                0x800122ac       0x48 ../../../../../..//binary/armv7a/gcc/am335x/drivers/Debug/libdrivers.a(cpsw.o)
                0x800122ac                CPSWCPDMATxIntEnable
 .text.CPSWCPDMARxIntEnable
                0x800122f4       0x48 ../../../../../..//binary/armv7a/gcc/am335x/drivers/Debug/libdrivers.a(cpsw.o)
                0x800122f4                CPSWCPDMARxIntEnable
 .text.CPSWCPDMATxEnable
                0x8001233c       0x2c ../../../../../..//binary/armv7a/gcc/am335x/drivers/Debug/libdrivers.a(cpsw.o)
                0x8001233c                CPSWCPDMATxEnable
 .text.CPSWCPDMARxEnable
                0x80012368       0x2c ../../../../../..//binary/armv7a/gcc/am335x/drivers/Debug/libdrivers.a(cpsw.o)
                0x80012368                CPSWCPDMARxEnable
 .text.CPSWCPDMATxHdrDescPtrWrite
                0x80012394       0x40 ../../../../../..//binary/armv7a/gcc/am335x/drivers/Debug/libdrivers.a(cpsw.o)
                0x80012394                CPSWCPDMATxHdrDescPtrWrite
 .text.CPSWCPDMARxHdrDescPtrWrite
                0x800123d4       0x40 ../../../../../..//binary/armv7a/gcc/am335x/drivers/Debug/libdrivers.a(cpsw.o)
                0x800123d4                CPSWCPDMARxHdrDescPtrWrite
 .text.CPSWCPDMAEndOfIntVectorWrite
                0x80012414       0x30 ../../../../../..//binary/armv7a/gcc/am335x/drivers/Debug/libdrivers.a(cpsw.o)
                0x80012414                CPSWCPDMAEndOfIntVectorWrite
 .text.CPSWCPDMATxCPWrite
                0x80012444       0x40 ../../../../../..//binary/armv7a/gcc/am335x/drivers/Debug/libdrivers.a(cpsw.o)
                0x80012444                CPSWCPDMATxCPWrite
 .text.CPSWCPDMARxCPWrite
                0x80012484       0x40 ../../../../../..//binary/armv7a/gcc/am335x/drivers/Debug/libdrivers.a(cpsw.o)
                0x80012484                CPSWCPDMARxCPWrite
 .text.MDIOPhyRegRead
                0x800124c4       0xc4 ../../../../../..//binary/armv7a/gcc/am335x/drivers/Debug/libdrivers.a(mdio.o)
                0x800124c4                MDIOPhyRegRead
 .text.MDIOPhyRegWrite
                0x80012588       0x8c ../../../../../..//binary/armv7a/gcc/am335x/drivers/Debug/libdrivers.a(mdio.o)
                0x80012588                MDIOPhyRegWrite
 .text.MDIOPhyAliveStatusGet
                0x80012614       0x2c ../../../../../..//binary/armv7a/gcc/am335x/drivers/Debug/libdrivers.a(mdio.o)
                0x80012614                MDIOPhyAliveStatusGet
 .text.MDIOInit
                0x80012640       0x64 ../../../../../..//binary/armv7a/gcc/am335x/drivers/Debug/libdrivers.a(mdio.o)
                0x80012640                MDIOInit
 .text.PhyAutoNegotiate
                0x800126a4      0x1f4 ../../../../../..//binary/armv7a/gcc/am335x/drivers/Debug/libdrivers.a(phy.o)
                0x800126a4                PhyAutoNegotiate
 .text.PhyAutoNegStatusGet
                0x80012898       0x5c ../../../../../..//binary/armv7a/gcc/am335x/drivers/Debug/libdrivers.a(phy.o)
                0x80012898                PhyAutoNegStatusGet
 .text.PhyPartnerAbilityGet
                0x800128f4       0x88 ../../../../../..//binary/armv7a/gcc/am335x/drivers/Debug/libdrivers.a(phy.o)
                0x800128f4                PhyPartnerAbilityGet
 .text.PhyLinkStatusGet
                0x8001297c       0x88 ../../../../../..//binary/armv7a/gcc/am335x/drivers/Debug/libdrivers.a(phy.o)
                0x8001297c                PhyLinkStatusGet
 .text.WatchdogTimerDisable
                0x80012a04       0x80 ../../../../../..//binary/armv7a/gcc/am335x/drivers/Debug/libdrivers.a(watchdog.o)
                0x80012a04                WatchdogTimerDisable
 .text.WatchdogTimerWritePostedStatusGet
                0x80012a84       0x38 ../../../../../..//binary/armv7a/gcc/am335x/drivers/Debug/libdrivers.a(watchdog.o)
                0x80012a84                WatchdogTimerWritePostedStatusGet
 .text.ConsoleUtilsInit
                0x80012abc       0x18 ../../../../../..//binary/armv7a/gcc/utils/Debug/libutils.a(consoleUtils.o)
                0x80012abc                ConsoleUtilsInit
 .text.ConsoleUtilsSetType
                0x80012ad4       0x54 ../../../../../..//binary/armv7a/gcc/utils/Debug/libutils.a(consoleUtils.o)
                0x80012ad4                ConsoleUtilsSetType
 .text.ConsoleUtilsPrintf
                0x80012b28       0x6c ../../../../../..//binary/armv7a/gcc/utils/Debug/libutils.a(consoleUtils.o)
                0x80012b28                ConsoleUtilsPrintf
 .text.ConsoleUtilsGets
                0x80012b94       0x74 ../../../../../..//binary/armv7a/gcc/utils/Debug/libutils.a(consoleUtils.o)
                0x80012b94                ConsoleUtilsGets
 .text.ConsoleUtilsPuts
                0x80012c08       0x60 ../../../../../..//binary/armv7a/gcc/utils/Debug/libutils.a(consoleUtils.o)
                0x80012c08                ConsoleUtilsPuts
 .text.DelayTimerSetup
                0x80012c68       0x18 ../../../../../..//binary/armv7a/gcc/utils/Debug/libutils.a(delay.o)
                0x80012c68                DelayTimerSetup
 .text.delay    0x80012c80       0x28 ../../../../../..//binary/armv7a/gcc/utils/Debug/libutils.a(delay.o)
                0x80012c80                delay
 .text.UARTStdioInit
                0x80012ca8       0x18 ../../../../../..//binary/armv7a/gcc/utils/Debug/libutils.a(uartStdio.o)
                0x80012ca8                UARTStdioInit
 .text.UARTPuts
                0x80012cc0       0xec ../../../../../..//binary/armv7a/gcc/utils/Debug/libutils.a(uartStdio.o)
                0x80012cc0                UARTPuts
 .text.UARTGets
                0x80012dac       0xdc ../../../../../..//binary/armv7a/gcc/utils/Debug/libutils.a(uartStdio.o)
                0x80012dac                UARTGets
 .text.UARTPutc
                0x80012e88       0x30 ../../../../../..//binary/armv7a/gcc/utils/Debug/libutils.a(uartStdio.o)
                0x80012e88                UARTPutc
 .text.UARTGetc
                0x80012eb8       0x20 ../../../../../..//binary/armv7a/gcc/utils/Debug/libutils.a(uartStdio.o)
                0x80012eb8                UARTGetc
 .text.UARTwrite
                0x80012ed8       0x94 ../../../../../..//binary/armv7a/gcc/utils/Debug/libutils.a(uartStdio.o)
                0x80012ed8                UARTwrite
 .text.UARTPrintf
                0x80012f6c      0x6ac ../../../../../..//binary/armv7a/gcc/utils/Debug/libutils.a(uartStdio.o)
                0x80012f6c                UARTPrintf
 .text.CPSWPinMuxSetup
                0x80013618      0x124 ../../../../../..//binary/armv7a/gcc/am335x/beaglebone/platform/Debug/libplatform.a(cpsw.o)
                0x80013618                CPSWPinMuxSetup
 .text.CPSWClkEnable
                0x8001373c       0x6c ../../../../../..//binary/armv7a/gcc/am335x/beaglebone/platform/Debug/libplatform.a(cpsw.o)
                0x8001373c                CPSWClkEnable
 .text.EVMPortMIIModeSelect
                0x800137a8       0x24 ../../../../../..//binary/armv7a/gcc/am335x/beaglebone/platform/Debug/libplatform.a(cpsw.o)
                0x800137a8                EVMPortMIIModeSelect
 .text.EVMMACAddrGet
                0x800137cc      0x11c ../../../../../..//binary/armv7a/gcc/am335x/beaglebone/platform/Debug/libplatform.a(cpsw.o)
                0x800137cc                EVMMACAddrGet
 .text.SysDelayTimerSetup
                0x800138e8       0x88 ../../../../../..//binary/armv7a/gcc/am335x/beaglebone/platform/Debug/libplatform.a(sysdelay.o)
                0x800138e8                SysDelayTimerSetup
 .text.Sysdelay
                0x80013970       0xb0 ../../../../../..//binary/armv7a/gcc/am335x/beaglebone/platform/Debug/libplatform.a(sysdelay.o)
                0x80013970                Sysdelay
 .text.DMTimerIsr
                0x80013a20       0x48 ../../../../../..//binary/armv7a/gcc/am335x/beaglebone/platform/Debug/libplatform.a(sysdelay.o)
 .text.UARTStdioInitExpClk
                0x80013a68       0xd0 ../../../../../..//binary/armv7a/gcc/am335x/beaglebone/platform/Debug/libplatform.a(uartConsole.o)
 .text.UartFIFOConfigure
                0x80013b38       0x64 ../../../../../..//binary/armv7a/gcc/am335x/beaglebone/platform/Debug/libplatform.a(uartConsole.o)
 .text.UartBaudRateSet
                0x80013b9c       0x5c ../../../../../..//binary/armv7a/gcc/am335x/beaglebone/platform/Debug/libplatform.a(uartConsole.o)
 .text.UARTConsoleInit
                0x80013bf8       0x44 ../../../../../..//binary/armv7a/gcc/am335x/beaglebone/platform/Debug/libplatform.a(uartConsole.o)
                0x80013bf8                UARTConsoleInit
 .text.UARTConsolePutc
                0x80013c3c       0x38 ../../../../../..//binary/armv7a/gcc/am335x/beaglebone/platform/Debug/libplatform.a(uartConsole.o)
                0x80013c3c                UARTConsolePutc
 .text.UARTConsoleGetc
                0x80013c74       0x2c ../../../../../..//binary/armv7a/gcc/am335x/beaglebone/platform/Debug/libplatform.a(uartConsole.o)
                0x80013c74                UARTConsoleGetc
 .text.DMTimer7ModuleClkConfig
                0x80013ca0      0x260 ../../../../../..//binary/armv7a/gcc/am335x/beaglebone/platform/Debug/libplatform.a(dmtimer.o)
                0x80013ca0                DMTimer7ModuleClkConfig
 .text.UARTPinMuxSetup
                0x80013f00       0x48 ../../../../../..//binary/armv7a/gcc/am335x/beaglebone/platform/Debug/libplatform.a(uart.o)
                0x80013f00                UARTPinMuxSetup
 .text.UART0ModuleClkConfig
                0x80013f48      0x35c ../../../../../..//binary/armv7a/gcc/am335x/beaglebone/platform/Debug/libplatform.a(uart.o)
                0x80013f48                UART0ModuleClkConfig
 .text.CacheEnable
                0x800142a4       0x94 ../../../../../..//binary/armv7a/gcc/am335x/system_config/Debug/libsystem_config.a(cache.o)
                0x800142a4                CacheEnable
 .text.CacheDataCleanBuff
                0x80014338       0x30 ../../../../../..//binary/armv7a/gcc/am335x/system_config/Debug/libsystem_config.a(cache.o)
                0x80014338                CacheDataCleanBuff
 .text.CacheDataInvalidateBuff
                0x80014368       0x30 ../../../../../..//binary/armv7a/gcc/am335x/system_config/Debug/libsystem_config.a(cache.o)
                0x80014368                CacheDataInvalidateBuff
 .text          0x80014398      0x488 ../../../../../..//binary/armv7a/gcc/am335x/system_config/Debug/libsystem_config.a(cp15.o)
                0x80014398                CP15ICacheDisable
                0x800143b4                CP15DCacheDisable
                0x800143d0                CP15ICacheEnable
                0x800143e0                CP15DCacheEnable
                0x800143f0                CP15DCacheFlush
                0x80014484                CP15DCacheClean
                0x80014518                CP15DCacheCleanFlush
                0x800145ac                CP15ICacheFlush
                0x800145bc                CP15DCacheCleanBuff
                0x80014610                CP15DCacheCleanFlushBuff
                0x80014664                CP15DCacheFlushBuff
                0x800146c8                CP15ICacheFlushBuff
                0x8001471c                CP15Ttb0Set
                0x80014728                CP15TlbInvalidate
                0x80014734                CP15MMUDisable
                0x8001474c                CP15MMUEnable
                0x80014760                CP15VectorBaseAddrSet
                0x8001476c                CP15BranchPredictorInvalidate
                0x80014778                CP15BranchPredictionEnable
                0x80014788                CP15BranchPredictionDisable
                0x80014798                CP15DomainAccessClientSet
                0x800147a8                CP15ControlFeatureDisable
                0x800147bc                CP15ControlFeatureEnable
                0x800147d0                CP15TtbCtlTtb0Config
                0x800147e0                CP15AuxControlFeatureEnable
                0x800147f4                CP15AuxControlFeatureDisable
                0x80014808                CP15MainIdPrimPartNumGet
 .text.IntDefaultHandler
                0x80014820       0x14 ../../../../../..//binary/armv7a/gcc/am335x/system_config/Debug/libsystem_config.a(interrupt.o)
 .text.IntRegister
                0x80014834       0x34 ../../../../../..//binary/armv7a/gcc/am335x/system_config/Debug/libsystem_config.a(interrupt.o)
                0x80014834                IntRegister
 .text.IntAINTCInit
                0x80014868       0x90 ../../../../../..//binary/armv7a/gcc/am335x/system_config/Debug/libsystem_config.a(interrupt.o)
                0x80014868                IntAINTCInit
 .text.IntPrioritySet
                0x800148f8       0x50 ../../../../../..//binary/armv7a/gcc/am335x/system_config/Debug/libsystem_config.a(interrupt.o)
                0x800148f8                IntPrioritySet
 .text.IntSystemEnable
                0x80014948       0x4c ../../../../../..//binary/armv7a/gcc/am335x/system_config/Debug/libsystem_config.a(interrupt.o)
                0x80014948                IntSystemEnable
 .text.IntMasterIRQEnable
                0x80014994       0x18 ../../../../../..//binary/armv7a/gcc/am335x/system_config/Debug/libsystem_config.a(interrupt.o)
                0x80014994                IntMasterIRQEnable
 .text.IntMasterIRQDisable
                0x800149ac       0x18 ../../../../../..//binary/armv7a/gcc/am335x/system_config/Debug/libsystem_config.a(interrupt.o)
                0x800149ac                IntMasterIRQDisable
 .text.IntMasterStatusGet
                0x800149c4       0x20 ../../../../../..//binary/armv7a/gcc/am335x/system_config/Debug/libsystem_config.a(interrupt.o)
                0x800149c4                IntMasterStatusGet
 .text.MMUInit  0x800149e4       0x88 ../../../../../..//binary/armv7a/gcc/am335x/system_config/Debug/libsystem_config.a(mmu.o)
                0x800149e4                MMUInit
 .text.MMUMemRegionMap
                0x80014a6c      0x110 ../../../../../..//binary/armv7a/gcc/am335x/system_config/Debug/libsystem_config.a(mmu.o)
                0x80014a6c                MMUMemRegionMap
 .text.MMUEnable
                0x80014b7c       0x38 ../../../../../..//binary/armv7a/gcc/am335x/system_config/Debug/libsystem_config.a(mmu.o)
                0x80014b7c                MMUEnable
 .text.start_boot
                0x80014bb4       0x24 ../../../../../..//binary/armv7a/gcc/am335x/system_config/Debug/libsystem_config.a(startup.o)
                0x80014bb4                start_boot
 .text.CopyVectorTable
                0x80014bd8       0x98 ../../../../../..//binary/armv7a/gcc/am335x/system_config/Debug/libsystem_config.a(startup.o)
 .text.CPUIntStatus
                0x80014c70       0x2c ../../../../../..//binary/armv7a/gcc/am335x/system_config/Debug/libsystem_config.a(cpu.o)
                0x80014c70                CPUIntStatus
 .text.CPUirqd  0x80014c9c       0x24 ../../../../../..//binary/armv7a/gcc/am335x/system_config/Debug/libsystem_config.a(cpu.o)
                0x80014c9c                CPUirqd
 .text.CPUirqe  0x80014cc0       0x24 ../../../../../..//binary/armv7a/gcc/am335x/system_config/Debug/libsystem_config.a(cpu.o)
                0x80014cc0                CPUirqe
 .text          0x80014ce4       0xf0 ../../../../../..//binary/armv7a/gcc/am335x/system_config/Debug/libsystem_config.a(exceptionhandler.o)
                0x80014ce4                SVC_Handler
                0x80014d0c                IRQHandler
                0x80014db8                FIQHandler
                0x80014dbc                UndefInstHandler
                0x80014dbc                AbortHandler
 .text.memcpy   0x80014dd4       0xf4 /home/user/cmpt433/linaro-gcc/gcc-arm-none-eabi-4_7-2012q4/arm-none-eabi/lib//libc.a(lib_a-memcpy.o)
                0x80014dd4                memcpy
 .text.memset   0x80014ec8       0xf8 /home/user/cmpt433/linaro-gcc/gcc-arm-none-eabi-4_7-2012q4/arm-none-eabi/lib//libc.a(lib_a-memset.o)
                0x80014ec8                memset
 .text.strcat   0x80014fc0       0xa0 /home/user/cmpt433/linaro-gcc/gcc-arm-none-eabi-4_7-2012q4/arm-none-eabi/lib//libc.a(lib_a-strcat.o)
                0x80014fc0                strcat
 .text.strcpy   0x80015060       0xf0 /home/user/cmpt433/linaro-gcc/gcc-arm-none-eabi-4_7-2012q4/arm-none-eabi/lib//libc.a(lib_a-strcpy.o)
                0x80015060                strcpy
 .text.strlen   0x80015150       0x60 /home/user/cmpt433/linaro-gcc/gcc-arm-none-eabi-4_7-2012q4/arm-none-eabi/lib//libc.a(lib_a-strlen.o)
                0x80015150                strlen
 .text          0x800151b0      0x114 /home/user/cmpt433/linaro-gcc/gcc-arm-none-eabi-4_7-2012q4/lib/gcc/arm-none-eabi/4.7.3//libgcc.a(_udivsi3.o)
                0x800151b0                __udivsi3
                0x800151b0                __aeabi_uidiv
                0x800152a4                __aeabi_uidivmod
 .text          0x800152c4      0x148 /home/user/cmpt433/linaro-gcc/gcc-arm-none-eabi-4_7-2012q4/lib/gcc/arm-none-eabi/4.7.3//libgcc.a(_divsi3.o)
                0x800152c4                __aeabi_idiv
                0x800152c4                __divsi3
                0x800153ec                __aeabi_idivmod
 .text          0x8001540c        0x4 /home/user/cmpt433/linaro-gcc/gcc-arm-none-eabi-4_7-2012q4/lib/gcc/arm-none-eabi/4.7.3//libgcc.a(_dvmd_tls.o)
                0x8001540c                __aeabi_ldiv0
                0x8001540c                __aeabi_idiv0
 .text.DMTimerEnable
                0x80015410       0x6c ../../../../../..//binary/armv7a/gcc/am335x/drivers/Debug/libdrivers.a(dmtimer.o)
                0x80015410                DMTimerEnable
 .text.DMTimerDisable
                0x8001547c       0x6c ../../../../../..//binary/armv7a/gcc/am335x/drivers/Debug/libdrivers.a(dmtimer.o)
                0x8001547c                DMTimerDisable
 .text.DMTimerModeConfigure
                0x800154e8       0xcc ../../../../../..//binary/armv7a/gcc/am335x/drivers/Debug/libdrivers.a(dmtimer.o)
                0x800154e8                DMTimerModeConfigure
 .text.DMTimerCounterSet
                0x800155b4       0x64 ../../../../../..//binary/armv7a/gcc/am335x/drivers/Debug/libdrivers.a(dmtimer.o)
                0x800155b4                DMTimerCounterSet
 .text.DMTimerIntStatusClear
                0x80015618       0x34 ../../../../../..//binary/armv7a/gcc/am335x/drivers/Debug/libdrivers.a(dmtimer.o)
                0x80015618                DMTimerIntStatusClear
 .text.DMTimerIntEnable
                0x8001564c       0x34 ../../../../../..//binary/armv7a/gcc/am335x/drivers/Debug/libdrivers.a(dmtimer.o)
                0x8001564c                DMTimerIntEnable
 .text.DMTimerIntDisable
                0x80015680       0x34 ../../../../../..//binary/armv7a/gcc/am335x/drivers/Debug/libdrivers.a(dmtimer.o)
                0x80015680                DMTimerIntDisable
 .text.DMTimerWritePostedStatusGet
                0x800156b4       0x2c ../../../../../..//binary/armv7a/gcc/am335x/drivers/Debug/libdrivers.a(dmtimer.o)
                0x800156b4                DMTimerWritePostedStatusGet
 .text.UARTOperatingModeSelect
                0x800156e0       0x84 ../../../../../..//binary/armv7a/gcc/am335x/drivers/Debug/libdrivers.a(uart_irda_cir.o)
                0x800156e0                UARTOperatingModeSelect
 .text.UARTDivisorValCompute
                0x80015764      0x104 ../../../../../..//binary/armv7a/gcc/am335x/drivers/Debug/libdrivers.a(uart_irda_cir.o)
                0x80015764                UARTDivisorValCompute
 .text.UARTDivisorLatchWrite
                0x80015868      0x210 ../../../../../..//binary/armv7a/gcc/am335x/drivers/Debug/libdrivers.a(uart_irda_cir.o)
                0x80015868                UARTDivisorLatchWrite
 .text.UARTDivisorLatchDisable
                0x80015a78       0x38 ../../../../../..//binary/armv7a/gcc/am335x/drivers/Debug/libdrivers.a(uart_irda_cir.o)
                0x80015a78                UARTDivisorLatchDisable
 .text.UARTRegConfigModeEnable
                0x80015ab0       0x9c ../../../../../..//binary/armv7a/gcc/am335x/drivers/Debug/libdrivers.a(uart_irda_cir.o)
                0x80015ab0                UARTRegConfigModeEnable
 .text.UARTBreakCtl
                0x80015b4c       0x60 ../../../../../..//binary/armv7a/gcc/am335x/drivers/Debug/libdrivers.a(uart_irda_cir.o)
                0x80015b4c                UARTBreakCtl
 .text.UARTLineCharacConfig
                0x80015bac       0xa4 ../../../../../..//binary/armv7a/gcc/am335x/drivers/Debug/libdrivers.a(uart_irda_cir.o)
                0x80015bac                UARTLineCharacConfig
 .text.UARTFIFOConfig
                0x80015c50      0x480 ../../../../../..//binary/armv7a/gcc/am335x/drivers/Debug/libdrivers.a(uart_irda_cir.o)
                0x80015c50                UARTFIFOConfig
 .text.UARTFIFORegisterWrite
                0x800160d0       0xc0 ../../../../../..//binary/armv7a/gcc/am335x/drivers/Debug/libdrivers.a(uart_irda_cir.o)
                0x800160d0                UARTFIFORegisterWrite
 .text.UARTEnhanFuncEnable
                0x80016190       0x88 ../../../../../..//binary/armv7a/gcc/am335x/drivers/Debug/libdrivers.a(uart_irda_cir.o)
                0x80016190                UARTEnhanFuncEnable
 .text.UARTEnhanFuncBitValRestore
                0x80016218       0x8c ../../../../../..//binary/armv7a/gcc/am335x/drivers/Debug/libdrivers.a(uart_irda_cir.o)
                0x80016218                UARTEnhanFuncBitValRestore
 .text.UARTSubConfigTCRTLRModeEn
                0x800162a4      0x124 ../../../../../..//binary/armv7a/gcc/am335x/drivers/Debug/libdrivers.a(uart_irda_cir.o)
                0x800162a4                UARTSubConfigTCRTLRModeEn
 .text.UARTTCRTLRBitValRestore
                0x800163c8      0x128 ../../../../../..//binary/armv7a/gcc/am335x/drivers/Debug/libdrivers.a(uart_irda_cir.o)
                0x800163c8                UARTTCRTLRBitValRestore
 .text.UARTCharGet
                0x800164f0       0x84 ../../../../../..//binary/armv7a/gcc/am335x/drivers/Debug/libdrivers.a(uart_irda_cir.o)
                0x800164f0                UARTCharGet
 .text.UARTCharPut
                0x80016574       0x78 ../../../../../..//binary/armv7a/gcc/am335x/drivers/Debug/libdrivers.a(uart_irda_cir.o)
                0x80016574                UARTCharPut
 .text.UARTModuleReset
                0x800165ec       0x54 ../../../../../..//binary/armv7a/gcc/am335x/drivers/Debug/libdrivers.a(uart_irda_cir.o)
                0x800165ec                UARTModuleReset
 *(.rodata*)
 .rodata        0x80016640      0x108 Debug/enetEcho.o
 .rodata.memp_sizes
                0x80016748       0x10 Debug/lwiplib.o
 .rodata.memp_num
                0x80016758       0x10 Debug/lwiplib.o
 .rodata.memp_bases
                0x80016768       0x1c Debug/lwiplib.o
 .rodata        0x80016784      0x510 Debug/lwiplib.o
 .rodata.tcp_pcb_lists
                0x80016c94       0x10 Debug/lwiplib.o
                0x80016c94                tcp_pcb_lists
 .rodata.ip_addr_any
                0x80016ca4        0x4 Debug/lwiplib.o
                0x80016ca4                ip_addr_any
 .rodata.ip_addr_broadcast
                0x80016ca8        0x4 Debug/lwiplib.o
                0x80016ca8                ip_addr_broadcast
 .rodata.ethbroadcast
                0x80016cac        0x8 Debug/lwiplib.o
                0x80016cac                ethbroadcast
 .rodata.ethzero
                0x80016cb4        0x8 Debug/lwiplib.o
                0x80016cb4                ethzero
 .rodata        0x80016cbc       0x50 ../../../../../..//binary/armv7a/gcc/utils/Debug/libutils.a(consoleUtils.o)
 .rodata        0x80016d0c       0x60 ../../../../../..//binary/armv7a/gcc/utils/Debug/libutils.a(uartStdio.o)
 .rodata.g_pcHex
                0x80016d6c        0x4 ../../../../../..//binary/armv7a/gcc/utils/Debug/libutils.a(uartStdio.o)
 .rodata.AM335X_VECTOR_BASE
                0x80016d70        0x4 ../../../../../..//binary/armv7a/gcc/am335x/system_config/Debug/libsystem_config.a(startup.o)
                0x80016d70                AM335X_VECTOR_BASE
 .rodata.vecTbl
                0x80016d74       0x38 ../../../../../..//binary/armv7a/gcc/am335x/system_config/Debug/libsystem_config.a(startup.o)

.glue_7         0x80016dac        0x0
 .glue_7        0x00000000        0x0 linker stubs

.glue_7t        0x80016dac        0x0
 .glue_7t       0x00000000        0x0 linker stubs

.vfp11_veneer   0x80016dac        0x0
 .vfp11_veneer  0x00000000        0x0 linker stubs

.v4_bx          0x80016dac        0x0
 .v4_bx         0x00000000        0x0 linker stubs

.iplt           0x80016dac        0x0
 .iplt          0x00000000        0x0 Debug/echod.o

.rel.dyn        0x80016dac        0x0
 .rel.iplt      0x00000000        0x0 Debug/echod.o

.data           0x80016dac       0x14
                0x80016dac                . = ALIGN (0x4)
 *(.data*)
 .data.NEWLINE  0x80016dac        0x4 Debug/echod.o
                0x80016dac                NEWLINE
 .data.iss.6167
                0x80016db0        0x4 Debug/lwiplib.o
 .data.port.6031
                0x80016db4        0x2 Debug/lwiplib.o
 *fill*         0x80016db6        0x2 00
 .data.xid.5447
                0x80016db8        0x4 Debug/lwiplib.o
 .data.flagIsr  0x80016dbc        0x4 ../../../../../..//binary/armv7a/gcc/am335x/beaglebone/platform/Debug/libplatform.a(sysdelay.o)

.igot.plt       0x80016dc0        0x0
 .igot.plt      0x00000000        0x0 Debug/echod.o

.bss            0x80018000    0x7680c
                0x80018000                . = ALIGN (0x4)
                0x80018000                _bss_start = .
 *(.bss*)
 .bss.pageTable
                0x80018000     0x4000 Debug/enetEcho.o
 .bss.ram       0x8001c000        0x4 Debug/lwiplib.o
 .bss.ram_end   0x8001c004        0x4 Debug/lwiplib.o
 .bss.lfree     0x8001c008        0x4 Debug/lwiplib.o
 .bss.memp_tab  0x8001c00c       0x1c Debug/lwiplib.o
 .bss.raw_pcbs  0x8001c028        0x4 Debug/lwiplib.o
 .bss.inseg     0x8001c02c       0x10 Debug/lwiplib.o
 .bss.tcphdr    0x8001c03c        0x4 Debug/lwiplib.o
 .bss.iphdr     0x8001c040        0x4 Debug/lwiplib.o
 .bss.seqno     0x8001c044        0x4 Debug/lwiplib.o
 .bss.ackno     0x8001c048        0x4 Debug/lwiplib.o
 .bss.flags     0x8001c04c        0x1 Debug/lwiplib.o
 *fill*         0x8001c04d        0x1 00
 .bss.tcplen    0x8001c04e        0x2 Debug/lwiplib.o
 .bss.recv_flags
                0x8001c050        0x1 Debug/lwiplib.o
 *fill*         0x8001c051        0x3 00
 .bss.recv_data
                0x8001c054        0x4 Debug/lwiplib.o
 .bss.ip_id     0x8001c058        0x2 Debug/lwiplib.o
 *fill*         0x8001c05a        0x2 00
 .bss.arp_table
                0x8001c05c       0xa0 Debug/lwiplib.o
 .bss.etharp_cached_entry
                0x8001c0fc        0x1 Debug/lwiplib.o
 *fill*         0x8001c0fd        0x3 00
 .bss.cpsw_inst_data
                0x8001c100       0x5c Debug/lwiplib.o
 .bss.cpswNetIF
                0x8001c15c       0x68 Debug/lwiplib.o
 .bss.cpswPortIf
                0x8001c1c4       0x20 Debug/lwiplib.o
 .bss.lwipInitFlag.7716
                0x8001c1e4        0x4 Debug/lwiplib.o
 .bss.inst_init_flag.7599
                0x8001c1e8        0x4 Debug/lwiplib.o
 .bss.netifnum.5650
                0x8001c1ec        0x1 Debug/lwiplib.o
 .bss.ConsoleType
                0x8001c1ed        0x1 ../../../../../..//binary/armv7a/gcc/utils/Debug/libutils.a(consoleUtils.o)
 *(COMMON)
 *fill*         0x8001c1ee        0x2 00
 COMMON         0x8001c1f0     0x1804 Debug/echod.o
                0x8001c1f0                mydata
                0x8001d1f0                rxbuff
                0x8001d5f0                tx_buff
                0x8001d9f0                pcb
 *fill*         0x8001d9f4        0xc 00
 COMMON         0x8001da00    0x70c0c Debug/lwiplib.o
                0x8001da00                current_iphdr_src
                0x8001da04                netif_list
                0x8001da08                cpdma_tx_bd
                0x8001da1c                cpswportif
                0x8001da2c                rxch
                0x8001da3c                tcp_active_pcbs
                0x8001da40                udp_pcbs
                0x8001da44                current_netif
                0x8001da48                tcp_ticks
                0x8001da4c                tcp_listen_pcbs
                0x8001da50                memp_memory_RAW_PCB_base
                0x8001dac0                memp_memory_TCP_SEG_base
                0x8001dbc0                current_iphdr_dest
                0x8001dc00                memp_memory_PBUF_POOL_base
                0x8006c800                free_head
                0x8006c804                tcp_tmp_pcb
                0x8006c808                tcp_input_pcb
                0x8006c80c                current_header
                0x8006c810                dhcp_rx_options_given
                0x8006c81c                memp_memory_PBUF_base
                0x8006ce1c                tcp_bound_pcbs
                0x8006ce20                memp_memory_TCP_PCB_LISTEN_base
                0x8006cf20                txch
                0x8006cf30                cpswinst
                0x8006cf8c                memp_memory_UDP_PCB_base
                0x8006d00c                cpdma_rx_bd
                0x8006d020                tcp_tw_pcbs
                0x8006d024                lwip_stats
                0x8006d134                netif_default
                0x8006d138                dhcp_rx_options_val
                0x8006d160                memp_memory_TCP_PCB_base
                0x8006e5e0                ram_heap
                0x8008e5fc                cpswport
 COMMON         0x8008e60c      0x200 ../../../../../..//binary/armv7a/gcc/am335x/system_config/Debug/libsystem_config.a(interrupt.o)
                0x8008e60c                fnRAMVectors
                0x8008e80c                _bss_end = .

.heap           0x8008e80c      0x800
                0x8008e80c                . = ALIGN (0x4)
                0x8008e80c                __end__ = .
                0x8008e80c                end = __end__
                0x8008e80c                __HeapBase = __end__
 *(.heap*)
                0x8008f00c                . = (. + 0x800)
 *fill*         0x8008e80c      0x800 00
                0x8008f00c                __HeapLimit = .

.stack          0x8008f00c  0x7fffff8
                0x8008f00c                . = ALIGN (0x4)
                0x8008f00c                __StackLimit = .
 *(.stack*)
                0x8808f004                . = (. + 0x7fffff8)
 *fill*         0x8008f00c  0x7fffff8 00
                0x8808f004                __StackTop = .
                0x8808f004                _stack = __StackTop
OUTPUT(Debug/enetEcho.out elf32-littlearm)

.debug_info     0x00000000     0xc9a7
 .debug_info    0x00000000      0x8bd Debug/echod.o
 .debug_info    0x000008bd      0x2ef Debug/enetEcho.o
 .debug_info    0x00000bac     0x6b9f Debug/lwiplib.o
 .debug_info    0x0000774b     0x131b ../../../../../..//binary/armv7a/gcc/am335x/drivers/Debug/libdrivers.a(cpsw.o)
 .debug_info    0x00008a66      0x237 ../../../../../..//binary/armv7a/gcc/am335x/drivers/Debug/libdrivers.a(mdio.o)
 .debug_info    0x00008c9d      0x40c ../../../../../..//binary/armv7a/gcc/am335x/drivers/Debug/libdrivers.a(phy.o)
 .debug_info    0x000090a9      0x45c ../../../../../..//binary/armv7a/gcc/am335x/drivers/Debug/libdrivers.a(watchdog.o)
 .debug_info    0x00009505      0x29a ../../../../../..//binary/armv7a/gcc/utils/Debug/libutils.a(consoleUtils.o)
 .debug_info    0x0000979f       0xc8 ../../../../../..//binary/armv7a/gcc/utils/Debug/libutils.a(delay.o)
 .debug_info    0x00009867      0x69a ../../../../../..//binary/armv7a/gcc/utils/Debug/libutils.a(uartStdio.o)
 .debug_info    0x00009f01       0xbe ../../../../../..//binary/armv7a/gcc/am335x/beaglebone/platform/Debug/libplatform.a(cpsw.o)
 .debug_info    0x00009fbf      0x11e ../../../../../..//binary/armv7a/gcc/am335x/beaglebone/platform/Debug/libplatform.a(sysdelay.o)
 .debug_info    0x0000a0dd      0x156 ../../../../../..//binary/armv7a/gcc/am335x/beaglebone/platform/Debug/libplatform.a(uartConsole.o)
 .debug_info    0x0000a233       0xd3 ../../../../../..//binary/armv7a/gcc/am335x/beaglebone/platform/Debug/libplatform.a(dmtimer.o)
 .debug_info    0x0000a306       0x7e ../../../../../..//binary/armv7a/gcc/am335x/beaglebone/platform/Debug/libplatform.a(uart.o)
 .debug_info    0x0000a384      0x1b3 ../../../../../..//binary/armv7a/gcc/am335x/system_config/Debug/libsystem_config.a(cache.o)
 .debug_info    0x0000a537       0xba ../../../../../..//binary/armv7a/gcc/am335x/system_config/Debug/libsystem_config.a(cp15.o)
 .debug_info    0x0000a5f1       0xba ../../../../../..//binary/armv7a/gcc/am335x/system_config/Debug/libsystem_config.a(init.o)
 .debug_info    0x0000a6ab      0x46f ../../../../../..//binary/armv7a/gcc/am335x/system_config/Debug/libsystem_config.a(interrupt.o)
 .debug_info    0x0000ab1a      0x16d ../../../../../..//binary/armv7a/gcc/am335x/system_config/Debug/libsystem_config.a(mmu.o)
 .debug_info    0x0000ac87       0xe0 ../../../../../..//binary/armv7a/gcc/am335x/system_config/Debug/libsystem_config.a(startup.o)
 .debug_info    0x0000ad67       0xf8 ../../../../../..//binary/armv7a/gcc/am335x/system_config/Debug/libsystem_config.a(cpu.o)
 .debug_info    0x0000ae5f       0xcd ../../../../../..//binary/armv7a/gcc/am335x/system_config/Debug/libsystem_config.a(exceptionhandler.o)
 .debug_info    0x0000af2c      0x5d0 ../../../../../..//binary/armv7a/gcc/am335x/drivers/Debug/libdrivers.a(dmtimer.o)
 .debug_info    0x0000b4fc     0x14ab ../../../../../..//binary/armv7a/gcc/am335x/drivers/Debug/libdrivers.a(uart_irda_cir.o)

.debug_abbrev   0x00000000     0x1857
 .debug_abbrev  0x00000000      0x1bc Debug/echod.o
 .debug_abbrev  0x000001bc      0x152 Debug/enetEcho.o
 .debug_abbrev  0x0000030e      0x460 Debug/lwiplib.o
 .debug_abbrev  0x0000076e      0x168 ../../../../../..//binary/armv7a/gcc/am335x/drivers/Debug/libdrivers.a(cpsw.o)
 .debug_abbrev  0x000008d6       0xe2 ../../../../../..//binary/armv7a/gcc/am335x/drivers/Debug/libdrivers.a(mdio.o)
 .debug_abbrev  0x000009b8       0xce ../../../../../..//binary/armv7a/gcc/am335x/drivers/Debug/libdrivers.a(phy.o)
 .debug_abbrev  0x00000a86      0x108 ../../../../../..//binary/armv7a/gcc/am335x/drivers/Debug/libdrivers.a(watchdog.o)
 .debug_abbrev  0x00000b8e      0x156 ../../../../../..//binary/armv7a/gcc/utils/Debug/libutils.a(consoleUtils.o)
 .debug_abbrev  0x00000ce4       0x92 ../../../../../..//binary/armv7a/gcc/utils/Debug/libutils.a(delay.o)
 .debug_abbrev  0x00000d76      0x186 ../../../../../..//binary/armv7a/gcc/utils/Debug/libutils.a(uartStdio.o)
 .debug_abbrev  0x00000efc       0x6b ../../../../../..//binary/armv7a/gcc/am335x/beaglebone/platform/Debug/libplatform.a(cpsw.o)
 .debug_abbrev  0x00000f67       0xa8 ../../../../../..//binary/armv7a/gcc/am335x/beaglebone/platform/Debug/libplatform.a(sysdelay.o)
 .debug_abbrev  0x0000100f       0xa3 ../../../../../..//binary/armv7a/gcc/am335x/beaglebone/platform/Debug/libplatform.a(uartConsole.o)
 .debug_abbrev  0x000010b2       0x7a ../../../../../..//binary/armv7a/gcc/am335x/beaglebone/platform/Debug/libplatform.a(dmtimer.o)
 .debug_abbrev  0x0000112c       0x62 ../../../../../..//binary/armv7a/gcc/am335x/beaglebone/platform/Debug/libplatform.a(uart.o)
 .debug_abbrev  0x0000118e       0x7a ../../../../../..//binary/armv7a/gcc/am335x/system_config/Debug/libsystem_config.a(cache.o)
 .debug_abbrev  0x00001208       0x14 ../../../../../..//binary/armv7a/gcc/am335x/system_config/Debug/libsystem_config.a(cp15.o)
 .debug_abbrev  0x0000121c       0x14 ../../../../../..//binary/armv7a/gcc/am335x/system_config/Debug/libsystem_config.a(init.o)
 .debug_abbrev  0x00001230      0x1c2 ../../../../../..//binary/armv7a/gcc/am335x/system_config/Debug/libsystem_config.a(interrupt.o)
 .debug_abbrev  0x000013f2       0xd9 ../../../../../..//binary/armv7a/gcc/am335x/system_config/Debug/libsystem_config.a(mmu.o)
 .debug_abbrev  0x000014cb       0xa4 ../../../../../..//binary/armv7a/gcc/am335x/system_config/Debug/libsystem_config.a(startup.o)
 .debug_abbrev  0x0000156f       0x64 ../../../../../..//binary/armv7a/gcc/am335x/system_config/Debug/libsystem_config.a(cpu.o)
 .debug_abbrev  0x000015d3       0x14 ../../../../../..//binary/armv7a/gcc/am335x/system_config/Debug/libsystem_config.a(exceptionhandler.o)
 .debug_abbrev  0x000015e7      0x122 ../../../../../..//binary/armv7a/gcc/am335x/drivers/Debug/libdrivers.a(dmtimer.o)
 .debug_abbrev  0x00001709      0x14e ../../../../../..//binary/armv7a/gcc/am335x/drivers/Debug/libdrivers.a(uart_irda_cir.o)

.debug_loc      0x00000000     0x5dfc
 .debug_loc     0x00000000      0x108 Debug/echod.o
 .debug_loc     0x00000108      0x108 Debug/enetEcho.o
 .debug_loc     0x00000210     0x24f4 Debug/lwiplib.o
 .debug_loc     0x00002704      0xce4 ../../../../../..//binary/armv7a/gcc/am335x/drivers/Debug/libdrivers.a(cpsw.o)
 .debug_loc     0x000033e8      0x134 ../../../../../..//binary/armv7a/gcc/am335x/drivers/Debug/libdrivers.a(mdio.o)
 .debug_loc     0x0000351c      0x1e4 ../../../../../..//binary/armv7a/gcc/am335x/drivers/Debug/libdrivers.a(phy.o)
 .debug_loc     0x00003700      0x39c ../../../../../..//binary/armv7a/gcc/am335x/drivers/Debug/libdrivers.a(watchdog.o)
 .debug_loc     0x00003a9c      0x178 ../../../../../..//binary/armv7a/gcc/utils/Debug/libutils.a(consoleUtils.o)
 .debug_loc     0x00003c14       0xdc ../../../../../..//binary/armv7a/gcc/utils/Debug/libutils.a(delay.o)
 .debug_loc     0x00003cf0      0x274 ../../../../../..//binary/armv7a/gcc/utils/Debug/libutils.a(uartStdio.o)
 .debug_loc     0x00003f64       0xb0 ../../../../../..//binary/armv7a/gcc/am335x/beaglebone/platform/Debug/libplatform.a(cpsw.o)
 .debug_loc     0x00004014      0x108 ../../../../../..//binary/armv7a/gcc/am335x/beaglebone/platform/Debug/libplatform.a(sysdelay.o)
 .debug_loc     0x0000411c      0x108 ../../../../../..//binary/armv7a/gcc/am335x/beaglebone/platform/Debug/libplatform.a(uartConsole.o)
 .debug_loc     0x00004224      0x108 ../../../../../..//binary/armv7a/gcc/am335x/beaglebone/platform/Debug/libplatform.a(dmtimer.o)
 .debug_loc     0x0000432c       0x58 ../../../../../..//binary/armv7a/gcc/am335x/beaglebone/platform/Debug/libplatform.a(uart.o)
 .debug_loc     0x00004384      0x1b8 ../../../../../..//binary/armv7a/gcc/am335x/system_config/Debug/libsystem_config.a(cache.o)
 .debug_loc     0x0000453c      0x554 ../../../../../..//binary/armv7a/gcc/am335x/system_config/Debug/libsystem_config.a(interrupt.o)
 .debug_loc     0x00004a90       0x84 ../../../../../..//binary/armv7a/gcc/am335x/system_config/Debug/libsystem_config.a(mmu.o)
 .debug_loc     0x00004b14       0x58 ../../../../../..//binary/armv7a/gcc/am335x/system_config/Debug/libsystem_config.a(startup.o)
 .debug_loc     0x00004b6c      0x160 ../../../../../..//binary/armv7a/gcc/am335x/system_config/Debug/libsystem_config.a(cpu.o)
 .debug_loc     0x00004ccc      0x478 ../../../../../..//binary/armv7a/gcc/am335x/drivers/Debug/libdrivers.a(dmtimer.o)
 .debug_loc     0x00005144      0xcb8 ../../../../../..//binary/armv7a/gcc/am335x/drivers/Debug/libdrivers.a(uart_irda_cir.o)

.debug_aranges  0x00000000     0x1380
 .debug_aranges
                0x00000000       0x48 Debug/echod.o
 .debug_aranges
                0x00000048       0x48 Debug/enetEcho.o
 .debug_aranges
                0x00000090      0x6d0 Debug/lwiplib.o
 .debug_aranges
                0x00000760      0x270 ../../../../../..//binary/armv7a/gcc/am335x/drivers/Debug/libdrivers.a(cpsw.o)
 .debug_aranges
                0x000009d0       0x50 ../../../../../..//binary/armv7a/gcc/am335x/drivers/Debug/libdrivers.a(mdio.o)
 .debug_aranges
                0x00000a20       0x70 ../../../../../..//binary/armv7a/gcc/am335x/drivers/Debug/libdrivers.a(phy.o)
 .debug_aranges
                0x00000a90       0xc0 ../../../../../..//binary/armv7a/gcc/am335x/drivers/Debug/libdrivers.a(watchdog.o)
 .debug_aranges
                0x00000b50       0x58 ../../../../../..//binary/armv7a/gcc/utils/Debug/libutils.a(consoleUtils.o)
 .debug_aranges
                0x00000ba8       0x40 ../../../../../..//binary/armv7a/gcc/utils/Debug/libutils.a(delay.o)
 .debug_aranges
                0x00000be8       0x88 ../../../../../..//binary/armv7a/gcc/utils/Debug/libutils.a(uartStdio.o)
 .debug_aranges
                0x00000c70       0x38 ../../../../../..//binary/armv7a/gcc/am335x/beaglebone/platform/Debug/libplatform.a(cpsw.o)
 .debug_aranges
                0x00000ca8       0x48 ../../../../../..//binary/armv7a/gcc/am335x/beaglebone/platform/Debug/libplatform.a(sysdelay.o)
 .debug_aranges
                0x00000cf0       0x48 ../../../../../..//binary/armv7a/gcc/am335x/beaglebone/platform/Debug/libplatform.a(uartConsole.o)
 .debug_aranges
                0x00000d38       0x48 ../../../../../..//binary/armv7a/gcc/am335x/beaglebone/platform/Debug/libplatform.a(dmtimer.o)
 .debug_aranges
                0x00000d80       0x28 ../../../../../..//binary/armv7a/gcc/am335x/beaglebone/platform/Debug/libplatform.a(uart.o)
 .debug_aranges
                0x00000da8       0x68 ../../../../../..//binary/armv7a/gcc/am335x/system_config/Debug/libsystem_config.a(cache.o)
 .debug_aranges
                0x00000e10       0x20 ../../../../../..//binary/armv7a/gcc/am335x/system_config/Debug/libsystem_config.a(cp15.o)
 .debug_aranges
                0x00000e30       0x20 ../../../../../..//binary/armv7a/gcc/am335x/system_config/Debug/libsystem_config.a(init.o)
 .debug_aranges
                0x00000e50      0x110 ../../../../../..//binary/armv7a/gcc/am335x/system_config/Debug/libsystem_config.a(interrupt.o)
 .debug_aranges
                0x00000f60       0x30 ../../../../../..//binary/armv7a/gcc/am335x/system_config/Debug/libsystem_config.a(mmu.o)
 .debug_aranges
                0x00000f90       0x28 ../../../../../..//binary/armv7a/gcc/am335x/system_config/Debug/libsystem_config.a(startup.o)
 .debug_aranges
                0x00000fb8       0x58 ../../../../../..//binary/armv7a/gcc/am335x/system_config/Debug/libsystem_config.a(cpu.o)
 .debug_aranges
                0x00001010       0x20 ../../../../../..//binary/armv7a/gcc/am335x/system_config/Debug/libsystem_config.a(exceptionhandler.o)
 .debug_aranges
                0x00001030       0xe8 ../../../../../..//binary/armv7a/gcc/am335x/drivers/Debug/libdrivers.a(dmtimer.o)
 .debug_aranges
                0x00001118      0x268 ../../../../../..//binary/armv7a/gcc/am335x/drivers/Debug/libdrivers.a(uart_irda_cir.o)

.debug_ranges   0x00000000     0x1250
 .debug_ranges  0x00000000       0x38 Debug/echod.o
 .debug_ranges  0x00000038       0x38 Debug/enetEcho.o
 .debug_ranges  0x00000070      0x750 Debug/lwiplib.o
 .debug_ranges  0x000007c0      0x260 ../../../../../..//binary/armv7a/gcc/am335x/drivers/Debug/libdrivers.a(cpsw.o)
 .debug_ranges  0x00000a20       0x40 ../../../../../..//binary/armv7a/gcc/am335x/drivers/Debug/libdrivers.a(mdio.o)
 .debug_ranges  0x00000a60       0x60 ../../../../../..//binary/armv7a/gcc/am335x/drivers/Debug/libdrivers.a(phy.o)
 .debug_ranges  0x00000ac0       0xb0 ../../../../../..//binary/armv7a/gcc/am335x/drivers/Debug/libdrivers.a(watchdog.o)
 .debug_ranges  0x00000b70       0x48 ../../../../../..//binary/armv7a/gcc/utils/Debug/libutils.a(consoleUtils.o)
 .debug_ranges  0x00000bb8       0x30 ../../../../../..//binary/armv7a/gcc/utils/Debug/libutils.a(delay.o)
 .debug_ranges  0x00000be8       0x78 ../../../../../..//binary/armv7a/gcc/utils/Debug/libutils.a(uartStdio.o)
 .debug_ranges  0x00000c60       0x28 ../../../../../..//binary/armv7a/gcc/am335x/beaglebone/platform/Debug/libplatform.a(cpsw.o)
 .debug_ranges  0x00000c88       0x38 ../../../../../..//binary/armv7a/gcc/am335x/beaglebone/platform/Debug/libplatform.a(sysdelay.o)
 .debug_ranges  0x00000cc0       0x38 ../../../../../..//binary/armv7a/gcc/am335x/beaglebone/platform/Debug/libplatform.a(uartConsole.o)
 .debug_ranges  0x00000cf8       0x38 ../../../../../..//binary/armv7a/gcc/am335x/beaglebone/platform/Debug/libplatform.a(dmtimer.o)
 .debug_ranges  0x00000d30       0x18 ../../../../../..//binary/armv7a/gcc/am335x/beaglebone/platform/Debug/libplatform.a(uart.o)
 .debug_ranges  0x00000d48       0x58 ../../../../../..//binary/armv7a/gcc/am335x/system_config/Debug/libsystem_config.a(cache.o)
 .debug_ranges  0x00000da0      0x100 ../../../../../..//binary/armv7a/gcc/am335x/system_config/Debug/libsystem_config.a(interrupt.o)
 .debug_ranges  0x00000ea0       0x20 ../../../../../..//binary/armv7a/gcc/am335x/system_config/Debug/libsystem_config.a(mmu.o)
 .debug_ranges  0x00000ec0       0x18 ../../../../../..//binary/armv7a/gcc/am335x/system_config/Debug/libsystem_config.a(startup.o)
 .debug_ranges  0x00000ed8       0x48 ../../../../../..//binary/armv7a/gcc/am335x/system_config/Debug/libsystem_config.a(cpu.o)
 .debug_ranges  0x00000f20       0xd8 ../../../../../..//binary/armv7a/gcc/am335x/drivers/Debug/libdrivers.a(dmtimer.o)
 .debug_ranges  0x00000ff8      0x258 ../../../../../..//binary/armv7a/gcc/am335x/drivers/Debug/libdrivers.a(uart_irda_cir.o)

.debug_line     0x00000000     0x6900
 .debug_line    0x00000000      0x207 Debug/echod.o
 .debug_line    0x00000207      0x1e5 Debug/enetEcho.o
 .debug_line    0x000003ec     0x36ea Debug/lwiplib.o
 .debug_line    0x00003ad6      0x714 ../../../../../..//binary/armv7a/gcc/am335x/drivers/Debug/libdrivers.a(cpsw.o)
 .debug_line    0x000041ea      0x10d ../../../../../..//binary/armv7a/gcc/am335x/drivers/Debug/libdrivers.a(mdio.o)
 .debug_line    0x000042f7      0x14e ../../../../../..//binary/armv7a/gcc/am335x/drivers/Debug/libdrivers.a(phy.o)
 .debug_line    0x00004445      0x221 ../../../../../..//binary/armv7a/gcc/am335x/drivers/Debug/libdrivers.a(watchdog.o)
 .debug_line    0x00004666      0x1aa ../../../../../..//binary/armv7a/gcc/utils/Debug/libutils.a(consoleUtils.o)
 .debug_line    0x00004810       0x94 ../../../../../..//binary/armv7a/gcc/utils/Debug/libutils.a(delay.o)
 .debug_line    0x000048a4      0x641 ../../../../../..//binary/armv7a/gcc/utils/Debug/libutils.a(uartStdio.o)
 .debug_line    0x00004ee5       0xda ../../../../../..//binary/armv7a/gcc/am335x/beaglebone/platform/Debug/libplatform.a(cpsw.o)
 .debug_line    0x00004fbf       0xdb ../../../../../..//binary/armv7a/gcc/am335x/beaglebone/platform/Debug/libplatform.a(sysdelay.o)
 .debug_line    0x0000509a       0xd2 ../../../../../..//binary/armv7a/gcc/am335x/beaglebone/platform/Debug/libplatform.a(uartConsole.o)
 .debug_line    0x0000516c      0x304 ../../../../../..//binary/armv7a/gcc/am335x/beaglebone/platform/Debug/libplatform.a(dmtimer.o)
 .debug_line    0x00005470      0x16a ../../../../../..//binary/armv7a/gcc/am335x/beaglebone/platform/Debug/libplatform.a(uart.o)
 .debug_line    0x000055da      0x10d ../../../../../..//binary/armv7a/gcc/am335x/system_config/Debug/libsystem_config.a(cache.o)
 .debug_line    0x000056e7      0x18a ../../../../../..//binary/armv7a/gcc/am335x/system_config/Debug/libsystem_config.a(cp15.o)
 .debug_line    0x00005871       0x95 ../../../../../..//binary/armv7a/gcc/am335x/system_config/Debug/libsystem_config.a(init.o)
 .debug_line    0x00005906      0x2bb ../../../../../..//binary/armv7a/gcc/am335x/system_config/Debug/libsystem_config.a(interrupt.o)
 .debug_line    0x00005bc1       0xda ../../../../../..//binary/armv7a/gcc/am335x/system_config/Debug/libsystem_config.a(mmu.o)
 .debug_line    0x00005c9b       0x96 ../../../../../..//binary/armv7a/gcc/am335x/system_config/Debug/libsystem_config.a(startup.o)
 .debug_line    0x00005d31       0xde ../../../../../..//binary/armv7a/gcc/am335x/system_config/Debug/libsystem_config.a(cpu.o)
 .debug_line    0x00005e0f       0xb9 ../../../../../..//binary/armv7a/gcc/am335x/system_config/Debug/libsystem_config.a(exceptionhandler.o)
 .debug_line    0x00005ec8      0x2f7 ../../../../../..//binary/armv7a/gcc/am335x/drivers/Debug/libdrivers.a(dmtimer.o)
 .debug_line    0x000061bf      0x741 ../../../../../..//binary/armv7a/gcc/am335x/drivers/Debug/libdrivers.a(uart_irda_cir.o)

.debug_str      0x00000000     0x472e
 .debug_str     0x00000000      0x416 Debug/echod.o
                                0x4e5 (size before relaxing)
 .debug_str     0x00000416      0x217 Debug/enetEcho.o
                                0x31b (size before relaxing)
 .debug_str     0x0000062d     0x1c1d Debug/lwiplib.o
                               0x22bd (size before relaxing)
 .debug_str     0x0000224a      0x935 ../../../../../..//binary/armv7a/gcc/am335x/drivers/Debug/libdrivers.a(cpsw.o)
                                0x9a7 (size before relaxing)
 .debug_str     0x00002b7f       0xf1 ../../../../../..//binary/armv7a/gcc/am335x/drivers/Debug/libdrivers.a(mdio.o)
                                0x1df (size before relaxing)
 .debug_str     0x00002c70      0x10f ../../../../../..//binary/armv7a/gcc/am335x/drivers/Debug/libdrivers.a(phy.o)
                                0x224 (size before relaxing)
 .debug_str     0x00002d7f      0x273 ../../../../../..//binary/armv7a/gcc/am335x/drivers/Debug/libdrivers.a(watchdog.o)
                                0x339 (size before relaxing)
 .debug_str     0x00002ff2      0x16e ../../../../../..//binary/armv7a/gcc/utils/Debug/libutils.a(consoleUtils.o)
                                0x29a (size before relaxing)
 .debug_str     0x00003160       0x2d ../../../../../..//binary/armv7a/gcc/utils/Debug/libutils.a(delay.o)
                                0x110 (size before relaxing)
 .debug_str     0x0000318d      0x192 ../../../../../..//binary/armv7a/gcc/utils/Debug/libutils.a(uartStdio.o)
                                0x2b7 (size before relaxing)
 .debug_str     0x0000331f       0xe7 ../../../../../..//binary/armv7a/gcc/am335x/beaglebone/platform/Debug/libplatform.a(cpsw.o)
                                0x154 (size before relaxing)
 .debug_str     0x00003406       0x8e ../../../../../..//binary/armv7a/gcc/am335x/beaglebone/platform/Debug/libplatform.a(sysdelay.o)
                                0x175 (size before relaxing)
 .debug_str     0x00003494       0xd4 ../../../../../..//binary/armv7a/gcc/am335x/beaglebone/platform/Debug/libplatform.a(uartConsole.o)
                                0x1ae (size before relaxing)
 .debug_str     0x00003568       0xcd ../../../../../..//binary/armv7a/gcc/am335x/beaglebone/platform/Debug/libplatform.a(dmtimer.o)
                                0x199 (size before relaxing)
 .debug_str     0x00003635       0x5f ../../../../../..//binary/armv7a/gcc/am335x/beaglebone/platform/Debug/libplatform.a(uart.o)
                                0x134 (size before relaxing)
 .debug_str     0x00003694      0x17c ../../../../../..//binary/armv7a/gcc/am335x/system_config/Debug/libsystem_config.a(cache.o)
                                0x1dc (size before relaxing)
 .debug_str     0x00003810      0x295 ../../../../../..//binary/armv7a/gcc/am335x/system_config/Debug/libsystem_config.a(interrupt.o)
                                0x390 (size before relaxing)
 .debug_str     0x00003aa5       0x69 ../../../../../..//binary/armv7a/gcc/am335x/system_config/Debug/libsystem_config.a(mmu.o)
                                0x173 (size before relaxing)
 .debug_str     0x00003b0e       0x6b ../../../../../..//binary/armv7a/gcc/am335x/system_config/Debug/libsystem_config.a(startup.o)
                                0x145 (size before relaxing)
 .debug_str     0x00003b79       0x9a ../../../../../..//binary/armv7a/gcc/am335x/system_config/Debug/libsystem_config.a(cpu.o)
                                0x157 (size before relaxing)
 .debug_str     0x00003c13      0x2a5 ../../../../../..//binary/armv7a/gcc/am335x/drivers/Debug/libdrivers.a(dmtimer.o)
                                0x381 (size before relaxing)
 .debug_str     0x00003eb8      0x876 ../../../../../..//binary/armv7a/gcc/am335x/drivers/Debug/libdrivers.a(uart_irda_cir.o)
                                0x97a (size before relaxing)

.comment        0x00000000       0x70
 .comment       0x00000000       0x70 Debug/echod.o
                                 0x71 (size before relaxing)
 .comment       0x00000000       0x71 Debug/enetEcho.o
 .comment       0x00000000       0x71 Debug/lwiplib.o
 .comment       0x00000000       0x71 ../../../../../..//binary/armv7a/gcc/am335x/drivers/Debug/libdrivers.a(cpsw.o)
 .comment       0x00000000       0x71 ../../../../../..//binary/armv7a/gcc/am335x/drivers/Debug/libdrivers.a(mdio.o)
 .comment       0x00000000       0x71 ../../../../../..//binary/armv7a/gcc/am335x/drivers/Debug/libdrivers.a(phy.o)
 .comment       0x00000000       0x71 ../../../../../..//binary/armv7a/gcc/am335x/drivers/Debug/libdrivers.a(watchdog.o)
 .comment       0x00000000       0x71 ../../../../../..//binary/armv7a/gcc/utils/Debug/libutils.a(consoleUtils.o)
 .comment       0x00000000       0x71 ../../../../../..//binary/armv7a/gcc/utils/Debug/libutils.a(delay.o)
 .comment       0x00000000       0x71 ../../../../../..//binary/armv7a/gcc/utils/Debug/libutils.a(uartStdio.o)
 .comment       0x00000000       0x71 ../../../../../..//binary/armv7a/gcc/am335x/beaglebone/platform/Debug/libplatform.a(cpsw.o)
 .comment       0x00000000       0x71 ../../../../../..//binary/armv7a/gcc/am335x/beaglebone/platform/Debug/libplatform.a(sysdelay.o)
 .comment       0x00000000       0x71 ../../../../../..//binary/armv7a/gcc/am335x/beaglebone/platform/Debug/libplatform.a(uartConsole.o)
 .comment       0x00000000       0x71 ../../../../../..//binary/armv7a/gcc/am335x/beaglebone/platform/Debug/libplatform.a(dmtimer.o)
 .comment       0x00000000       0x71 ../../../../../..//binary/armv7a/gcc/am335x/beaglebone/platform/Debug/libplatform.a(uart.o)
 .comment       0x00000000       0x71 ../../../../../..//binary/armv7a/gcc/am335x/system_config/Debug/libsystem_config.a(cache.o)
 .comment       0x00000000       0x71 ../../../../../..//binary/armv7a/gcc/am335x/system_config/Debug/libsystem_config.a(interrupt.o)
 .comment       0x00000000       0x71 ../../../../../..//binary/armv7a/gcc/am335x/system_config/Debug/libsystem_config.a(mmu.o)
 .comment       0x00000000       0x71 ../../../../../..//binary/armv7a/gcc/am335x/system_config/Debug/libsystem_config.a(startup.o)
 .comment       0x00000000       0x71 ../../../../../..//binary/armv7a/gcc/am335x/system_config/Debug/libsystem_config.a(cpu.o)
 .comment       0x00000000       0x71 ../../../../../..//binary/armv7a/gcc/am335x/drivers/Debug/libdrivers.a(dmtimer.o)
 .comment       0x00000000       0x71 ../../../../../..//binary/armv7a/gcc/am335x/drivers/Debug/libdrivers.a(uart_irda_cir.o)

.ARM.attributes
                0x00000000       0x3b
 .ARM.attributes
                0x00000000       0x37 Debug/echod.o
 .ARM.attributes
                0x00000037       0x37 Debug/enetEcho.o
 .ARM.attributes
                0x0000006e       0x37 Debug/lwiplib.o
 .ARM.attributes
                0x000000a5       0x37 ../../../../../..//binary/armv7a/gcc/am335x/drivers/Debug/libdrivers.a(cpsw.o)
 .ARM.attributes
                0x000000dc       0x37 ../../../../../..//binary/armv7a/gcc/am335x/drivers/Debug/libdrivers.a(mdio.o)
 .ARM.attributes
                0x00000113       0x37 ../../../../../..//binary/armv7a/gcc/am335x/drivers/Debug/libdrivers.a(phy.o)
 .ARM.attributes
                0x0000014a       0x37 ../../../../../..//binary/armv7a/gcc/am335x/drivers/Debug/libdrivers.a(watchdog.o)
 .ARM.attributes
                0x00000181       0x37 ../../../../../..//binary/armv7a/gcc/utils/Debug/libutils.a(consoleUtils.o)
 .ARM.attributes
                0x000001b8       0x37 ../../../../../..//binary/armv7a/gcc/utils/Debug/libutils.a(delay.o)
 .ARM.attributes
                0x000001ef       0x37 ../../../../../..//binary/armv7a/gcc/utils/Debug/libutils.a(uartStdio.o)
 .ARM.attributes
                0x00000226       0x37 ../../../../../..//binary/armv7a/gcc/am335x/beaglebone/platform/Debug/libplatform.a(cpsw.o)
 .ARM.attributes
                0x0000025d       0x37 ../../../../../..//binary/armv7a/gcc/am335x/beaglebone/platform/Debug/libplatform.a(sysdelay.o)
 .ARM.attributes
                0x00000294       0x37 ../../../../../..//binary/armv7a/gcc/am335x/beaglebone/platform/Debug/libplatform.a(uartConsole.o)
 .ARM.attributes
                0x000002cb       0x37 ../../../../../..//binary/armv7a/gcc/am335x/beaglebone/platform/Debug/libplatform.a(dmtimer.o)
 .ARM.attributes
                0x00000302       0x37 ../../../../../..//binary/armv7a/gcc/am335x/beaglebone/platform/Debug/libplatform.a(uart.o)
 .ARM.attributes
                0x00000339       0x3d ../../../../../..//binary/armv7a/gcc/am335x/system_config/Debug/libsystem_config.a(cache.o)
 .ARM.attributes
                0x00000376       0x23 ../../../../../..//binary/armv7a/gcc/am335x/system_config/Debug/libsystem_config.a(cp15.o)
 .ARM.attributes
                0x00000399       0x23 ../../../../../..//binary/armv7a/gcc/am335x/system_config/Debug/libsystem_config.a(init.o)
 .ARM.attributes
                0x000003bc       0x3d ../../../../../..//binary/armv7a/gcc/am335x/system_config/Debug/libsystem_config.a(interrupt.o)
 .ARM.attributes
                0x000003f9       0x3d ../../../../../..//binary/armv7a/gcc/am335x/system_config/Debug/libsystem_config.a(mmu.o)
 .ARM.attributes
                0x00000436       0x3d ../../../../../..//binary/armv7a/gcc/am335x/system_config/Debug/libsystem_config.a(startup.o)
 .ARM.attributes
                0x00000473       0x3d ../../../../../..//binary/armv7a/gcc/am335x/system_config/Debug/libsystem_config.a(cpu.o)
 .ARM.attributes
                0x000004b0       0x23 ../../../../../..//binary/armv7a/gcc/am335x/system_config/Debug/libsystem_config.a(exceptionhandler.o)
 .ARM.attributes
                0x000004d3       0x30 /home/user/cmpt433/linaro-gcc/gcc-arm-none-eabi-4_7-2012q4/arm-none-eabi/lib//libc.a(lib_a-memcpy.o)
 .ARM.attributes
                0x00000503       0x30 /home/user/cmpt433/linaro-gcc/gcc-arm-none-eabi-4_7-2012q4/arm-none-eabi/lib//libc.a(lib_a-memset.o)
 .ARM.attributes
                0x00000533       0x30 /home/user/cmpt433/linaro-gcc/gcc-arm-none-eabi-4_7-2012q4/arm-none-eabi/lib//libc.a(lib_a-strcat.o)
 .ARM.attributes
                0x00000563       0x30 /home/user/cmpt433/linaro-gcc/gcc-arm-none-eabi-4_7-2012q4/arm-none-eabi/lib//libc.a(lib_a-strcpy.o)
 .ARM.attributes
                0x00000593       0x30 /home/user/cmpt433/linaro-gcc/gcc-arm-none-eabi-4_7-2012q4/arm-none-eabi/lib//libc.a(lib_a-strlen.o)
 .ARM.attributes
                0x000005c3       0x18 /home/user/cmpt433/linaro-gcc/gcc-arm-none-eabi-4_7-2012q4/lib/gcc/arm-none-eabi/4.7.3//libgcc.a(_udivsi3.o)
 .ARM.attributes
                0x000005db       0x18 /home/user/cmpt433/linaro-gcc/gcc-arm-none-eabi-4_7-2012q4/lib/gcc/arm-none-eabi/4.7.3//libgcc.a(_divsi3.o)
 .ARM.attributes
                0x000005f3       0x18 /home/user/cmpt433/linaro-gcc/gcc-arm-none-eabi-4_7-2012q4/lib/gcc/arm-none-eabi/4.7.3//libgcc.a(_dvmd_tls.o)
 .ARM.attributes
                0x0000060b       0x37 ../../../../../..//binary/armv7a/gcc/am335x/drivers/Debug/libdrivers.a(dmtimer.o)
 .ARM.attributes
                0x00000642       0x37 ../../../../../..//binary/armv7a/gcc/am335x/drivers/Debug/libdrivers.a(uart_irda_cir.o)

.debug_frame    0x00000000     0x3aa4
 .debug_frame   0x00000000       0xb8 Debug/echod.o
 .debug_frame   0x000000b8       0xb8 Debug/enetEcho.o
 .debug_frame   0x00000170     0x1700 Debug/lwiplib.o
 .debug_frame   0x00001870      0x720 ../../../../../..//binary/armv7a/gcc/am335x/drivers/Debug/libdrivers.a(cpsw.o)
 .debug_frame   0x00001f90       0xbc ../../../../../..//binary/armv7a/gcc/am335x/drivers/Debug/libdrivers.a(mdio.o)
 .debug_frame   0x0000204c      0x144 ../../../../../..//binary/armv7a/gcc/am335x/drivers/Debug/libdrivers.a(phy.o)
 .debug_frame   0x00002190      0x228 ../../../../../..//binary/armv7a/gcc/am335x/drivers/Debug/libdrivers.a(watchdog.o)
 .debug_frame   0x000023b8      0x108 ../../../../../..//binary/armv7a/gcc/utils/Debug/libutils.a(consoleUtils.o)
 .debug_frame   0x000024c0       0x9c ../../../../../..//binary/armv7a/gcc/utils/Debug/libutils.a(delay.o)
 .debug_frame   0x0000255c      0x1a8 ../../../../../..//binary/armv7a/gcc/utils/Debug/libutils.a(uartStdio.o)
 .debug_frame   0x00002704       0x70 ../../../../../..//binary/armv7a/gcc/am335x/beaglebone/platform/Debug/libplatform.a(cpsw.o)
 .debug_frame   0x00002774       0xb4 ../../../../../..//binary/armv7a/gcc/am335x/beaglebone/platform/Debug/libplatform.a(sysdelay.o)
 .debug_frame   0x00002828       0xb8 ../../../../../..//binary/armv7a/gcc/am335x/beaglebone/platform/Debug/libplatform.a(uartConsole.o)
 .debug_frame   0x000028e0       0xa0 ../../../../../..//binary/armv7a/gcc/am335x/beaglebone/platform/Debug/libplatform.a(dmtimer.o)
 .debug_frame   0x00002980       0x40 ../../../../../..//binary/armv7a/gcc/am335x/beaglebone/platform/Debug/libplatform.a(uart.o)
 .debug_frame   0x000029c0      0x128 ../../../../../..//binary/armv7a/gcc/am335x/system_config/Debug/libsystem_config.a(cache.o)
 .debug_frame   0x00002ae8      0x314 ../../../../../..//binary/armv7a/gcc/am335x/system_config/Debug/libsystem_config.a(interrupt.o)
 .debug_frame   0x00002dfc       0x60 ../../../../../..//binary/armv7a/gcc/am335x/system_config/Debug/libsystem_config.a(mmu.o)
 .debug_frame   0x00002e5c       0x48 ../../../../../..//binary/armv7a/gcc/am335x/system_config/Debug/libsystem_config.a(startup.o)
 .debug_frame   0x00002ea4       0xd4 ../../../../../..//binary/armv7a/gcc/am335x/system_config/Debug/libsystem_config.a(cpu.o)
 .debug_frame   0x00002f78       0x2c /home/user/cmpt433/linaro-gcc/gcc-arm-none-eabi-4_7-2012q4/arm-none-eabi/lib//libc.a(lib_a-memcpy.o)
 .debug_frame   0x00002fa4       0x28 /home/user/cmpt433/linaro-gcc/gcc-arm-none-eabi-4_7-2012q4/arm-none-eabi/lib//libc.a(lib_a-memset.o)
 .debug_frame   0x00002fcc       0x2c /home/user/cmpt433/linaro-gcc/gcc-arm-none-eabi-4_7-2012q4/arm-none-eabi/lib//libc.a(lib_a-strcat.o)
 .debug_frame   0x00002ff8       0x20 /home/user/cmpt433/linaro-gcc/gcc-arm-none-eabi-4_7-2012q4/arm-none-eabi/lib//libc.a(lib_a-strcpy.o)
 .debug_frame   0x00003018       0x20 /home/user/cmpt433/linaro-gcc/gcc-arm-none-eabi-4_7-2012q4/arm-none-eabi/lib//libc.a(lib_a-strlen.o)
 .debug_frame   0x00003038       0x20 /home/user/cmpt433/linaro-gcc/gcc-arm-none-eabi-4_7-2012q4/lib/gcc/arm-none-eabi/4.7.3//libgcc.a(_udivsi3.o)
 .debug_frame   0x00003058       0x20 /home/user/cmpt433/linaro-gcc/gcc-arm-none-eabi-4_7-2012q4/lib/gcc/arm-none-eabi/4.7.3//libgcc.a(_divsi3.o)
 .debug_frame   0x00003078      0x2b4 ../../../../../..//binary/armv7a/gcc/am335x/drivers/Debug/libdrivers.a(dmtimer.o)
 .debug_frame   0x0000332c      0x778 ../../../../../..//binary/armv7a/gcc/am335x/drivers/Debug/libdrivers.a(uart_irda_cir.o)
